Archive member included to satisfy reference by file (symbol)

/Applications/STM32CubeIDE.app/Contents/Eclipse/plugins/com.st.stm32cube.ide.mcu.externaltools.gnu-tools-for-stm32.9-2020-q2-update.macos64_2.0.0.202105311346/tools/bin/../lib/gcc/arm-none-eabi/9.3.1/../../../../arm-none-eabi/lib/thumb/v7e-m+fp/hard/libc_nano.a(lib_a-errno.o)
                              ./Core/Src/syscalls.o (__errno)
/Applications/STM32CubeIDE.app/Contents/Eclipse/plugins/com.st.stm32cube.ide.mcu.externaltools.gnu-tools-for-stm32.9-2020-q2-update.macos64_2.0.0.202105311346/tools/bin/../lib/gcc/arm-none-eabi/9.3.1/../../../../arm-none-eabi/lib/thumb/v7e-m+fp/hard/libc_nano.a(lib_a-exit.o)
                              /Applications/STM32CubeIDE.app/Contents/Eclipse/plugins/com.st.stm32cube.ide.mcu.externaltools.gnu-tools-for-stm32.9-2020-q2-update.macos64_2.0.0.202105311346/tools/bin/../lib/gcc/arm-none-eabi/9.3.1/../../../../arm-none-eabi/lib/thumb/v7e-m+fp/hard/crt0.o (exit)
/Applications/STM32CubeIDE.app/Contents/Eclipse/plugins/com.st.stm32cube.ide.mcu.externaltools.gnu-tools-for-stm32.9-2020-q2-update.macos64_2.0.0.202105311346/tools/bin/../lib/gcc/arm-none-eabi/9.3.1/../../../../arm-none-eabi/lib/thumb/v7e-m+fp/hard/libc_nano.a(lib_a-impure.o)
                              /Applications/STM32CubeIDE.app/Contents/Eclipse/plugins/com.st.stm32cube.ide.mcu.externaltools.gnu-tools-for-stm32.9-2020-q2-update.macos64_2.0.0.202105311346/tools/bin/../lib/gcc/arm-none-eabi/9.3.1/../../../../arm-none-eabi/lib/thumb/v7e-m+fp/hard/libc_nano.a(lib_a-exit.o) (_global_impure_ptr)
/Applications/STM32CubeIDE.app/Contents/Eclipse/plugins/com.st.stm32cube.ide.mcu.externaltools.gnu-tools-for-stm32.9-2020-q2-update.macos64_2.0.0.202105311346/tools/bin/../lib/gcc/arm-none-eabi/9.3.1/../../../../arm-none-eabi/lib/thumb/v7e-m+fp/hard/libc_nano.a(lib_a-init.o)
                              /Applications/STM32CubeIDE.app/Contents/Eclipse/plugins/com.st.stm32cube.ide.mcu.externaltools.gnu-tools-for-stm32.9-2020-q2-update.macos64_2.0.0.202105311346/tools/bin/../lib/gcc/arm-none-eabi/9.3.1/../../../../arm-none-eabi/lib/thumb/v7e-m+fp/hard/crt0.o (__libc_init_array)
/Applications/STM32CubeIDE.app/Contents/Eclipse/plugins/com.st.stm32cube.ide.mcu.externaltools.gnu-tools-for-stm32.9-2020-q2-update.macos64_2.0.0.202105311346/tools/bin/../lib/gcc/arm-none-eabi/9.3.1/../../../../arm-none-eabi/lib/thumb/v7e-m+fp/hard/libc_nano.a(lib_a-memset.o)
                              /Applications/STM32CubeIDE.app/Contents/Eclipse/plugins/com.st.stm32cube.ide.mcu.externaltools.gnu-tools-for-stm32.9-2020-q2-update.macos64_2.0.0.202105311346/tools/bin/../lib/gcc/arm-none-eabi/9.3.1/../../../../arm-none-eabi/lib/thumb/v7e-m+fp/hard/crt0.o (memset)
/Applications/STM32CubeIDE.app/Contents/Eclipse/plugins/com.st.stm32cube.ide.mcu.externaltools.gnu-tools-for-stm32.9-2020-q2-update.macos64_2.0.0.202105311346/tools/bin/../lib/gcc/arm-none-eabi/9.3.1/../../../../arm-none-eabi/lib/thumb/v7e-m+fp/hard/libc_nano.a(lib_a-sprintf.o)
                              ./Core/Src/main.o (sprintf)
/Applications/STM32CubeIDE.app/Contents/Eclipse/plugins/com.st.stm32cube.ide.mcu.externaltools.gnu-tools-for-stm32.9-2020-q2-update.macos64_2.0.0.202105311346/tools/bin/../lib/gcc/arm-none-eabi/9.3.1/../../../../arm-none-eabi/lib/thumb/v7e-m+fp/hard/libc_nano.a(lib_a-nano-svfprintf.o)
                              /Applications/STM32CubeIDE.app/Contents/Eclipse/plugins/com.st.stm32cube.ide.mcu.externaltools.gnu-tools-for-stm32.9-2020-q2-update.macos64_2.0.0.202105311346/tools/bin/../lib/gcc/arm-none-eabi/9.3.1/../../../../arm-none-eabi/lib/thumb/v7e-m+fp/hard/libc_nano.a(lib_a-sprintf.o) (_svfprintf_r)
/Applications/STM32CubeIDE.app/Contents/Eclipse/plugins/com.st.stm32cube.ide.mcu.externaltools.gnu-tools-for-stm32.9-2020-q2-update.macos64_2.0.0.202105311346/tools/bin/../lib/gcc/arm-none-eabi/9.3.1/../../../../arm-none-eabi/lib/thumb/v7e-m+fp/hard/libc_nano.a(lib_a-nano-vfprintf_i.o)
                              /Applications/STM32CubeIDE.app/Contents/Eclipse/plugins/com.st.stm32cube.ide.mcu.externaltools.gnu-tools-for-stm32.9-2020-q2-update.macos64_2.0.0.202105311346/tools/bin/../lib/gcc/arm-none-eabi/9.3.1/../../../../arm-none-eabi/lib/thumb/v7e-m+fp/hard/libc_nano.a(lib_a-nano-svfprintf.o) (_printf_i)
/Applications/STM32CubeIDE.app/Contents/Eclipse/plugins/com.st.stm32cube.ide.mcu.externaltools.gnu-tools-for-stm32.9-2020-q2-update.macos64_2.0.0.202105311346/tools/bin/../lib/gcc/arm-none-eabi/9.3.1/../../../../arm-none-eabi/lib/thumb/v7e-m+fp/hard/libc_nano.a(lib_a-memchr.o)
                              /Applications/STM32CubeIDE.app/Contents/Eclipse/plugins/com.st.stm32cube.ide.mcu.externaltools.gnu-tools-for-stm32.9-2020-q2-update.macos64_2.0.0.202105311346/tools/bin/../lib/gcc/arm-none-eabi/9.3.1/../../../../arm-none-eabi/lib/thumb/v7e-m+fp/hard/libc_nano.a(lib_a-nano-svfprintf.o) (memchr)
[...]
Memory Configuration

Name             Origin             Length             Attributes
RAM              0x0000000020000000 0x0000000000040000 xrw
RAM2             0x0000000010000000 0x0000000000010000 xrw
FLASH            0x0000000008000000 0x0000000000100000 xr
*default*        0x0000000000000000 0xffffffffffffffff

Linker script and memory map

LOAD /Applications/STM32CubeIDE.app/Contents/Eclipse/plugins/com.st.stm32cube.ide.mcu.externaltools.gnu-tools-for-stm32.9-2020-q2-update.macos64_2.0.0.202105311346/tools/bin/../lib/gcc/arm-none-eabi/9.3.1/thumb/v7e-m+fp/hard/crti.o
LOAD /Applications/STM32CubeIDE.app/Contents/Eclipse/plugins/com.st.stm32cube.ide.mcu.externaltools.gnu-tools-for-stm32.9-2020-q2-update.macos64_2.0.0.202105311346/tools/bin/../lib/gcc/arm-none-eabi/9.3.1/thumb/v7e-m+fp/hard/crtbegin.o
LOAD /Applications/STM32CubeIDE.app/Contents/Eclipse/plugins/com.st.stm32cube.ide.mcu.externaltools.gnu-tools-for-stm32.9-2020-q2-update.macos64_2.0.0.202105311346/tools/bin/../lib/gcc/arm-none-eabi/9.3.1/../../../../arm-none-eabi/lib/thumb/v7e-m+fp/hard/crt0.o
LOAD ./Core/Src/ext_fram_dma.o
LOAD ./Core/Src/main.o
LOAD ./Core/Src/mfxstm32l152.o
LOAD ./Core/Src/stm32l496g_discovery.o
LOAD ./Core/Src/stm32l496g_discovery_io.o
LOAD ./Core/Src/stm32l4xx_hal_msp.o
LOAD ./Core/Src/stm32l4xx_hal_timebase_tim.o
LOAD ./Core/Src/stm32l4xx_it.o
LOAD ./Core/Src/syscalls.o
LOAD ./Core/Src/sysmem.o
LOAD ./Core/Src/system_stm32l4xx.o
LOAD ./Core/Startup/startup_stm32l496agix.o
LOAD ./Drivers/STM32L4xx_HAL_Driver/Src/stm32l4xx_hal.o
LOAD ./Drivers/STM32L4xx_HAL_Driver/Src/stm32l4xx_hal_cortex.o
LOAD ./Drivers/STM32L4xx_HAL_Driver/Src/stm32l4xx_hal_dma.o
LOAD ./Drivers/STM32L4xx_HAL_Driver/Src/stm32l4xx_hal_dma_ex.o
LOAD ./Drivers/STM32L4xx_HAL_Driver/Src/stm32l4xx_hal_exti.o
LOAD ./Drivers/STM32L4xx_HAL_Driver/Src/stm32l4xx_hal_flash.o
LOAD ./Drivers/STM32L4xx_HAL_Driver/Src/stm32l4xx_hal_flash_ex.o
LOAD ./Drivers/STM32L4xx_HAL_Driver/Src/stm32l4xx_hal_flash_ramfunc.o
LOAD ./Drivers/STM32L4xx_HAL_Driver/Src/stm32l4xx_hal_gpio.o
LOAD ./Drivers/STM32L4xx_HAL_Driver/Src/stm32l4xx_hal_i2c.o
LOAD ./Drivers/STM32L4xx_HAL_Driver/Src/stm32l4xx_hal_i2c_ex.o
LOAD ./Drivers/STM32L4xx_HAL_Driver/Src/stm32l4xx_hal_pwr.o
LOAD ./Drivers/STM32L4xx_HAL_Driver/Src/stm32l4xx_hal_pwr_ex.o
LOAD ./Drivers/STM32L4xx_HAL_Driver/Src/stm32l4xx_hal_rcc.o
LOAD ./Drivers/STM32L4xx_HAL_Driver/Src/stm32l4xx_hal_rcc_ex.o
LOAD ./Drivers/STM32L4xx_HAL_Driver/Src/stm32l4xx_hal_spi.o
LOAD ./Drivers/STM32L4xx_HAL_Driver/Src/stm32l4xx_hal_spi_ex.o
LOAD ./Drivers/STM32L4xx_HAL_Driver/Src/stm32l4xx_hal_tim.o
LOAD ./Drivers/STM32L4xx_HAL_Driver/Src/stm32l4xx_hal_tim_ex.o
LOAD ./Drivers/STM32L4xx_HAL_Driver/Src/stm32l4xx_hal_uart.o
LOAD ./Drivers/STM32L4xx_HAL_Driver/Src/stm32l4xx_hal_uart_ex.o
START GROUP
LOAD /Applications/STM32CubeIDE.app/Contents/Eclipse/plugins/com.st.stm32cube.ide.mcu.externaltools.gnu-tools-for-stm32.9-2020-q2-update.macos64_2.0.0.202105311346/tools/bin/../lib/gcc/arm-none-eabi/9.3.1/../../../../arm-none-eabi/lib/thumb/v7e-m+fp/hard/libc_nano.a
LOAD /Applications/STM32CubeIDE.app/Contents/Eclipse/plugins/com.st.stm32cube.ide.mcu.externaltools.gnu-tools-for-stm32.9-2020-q2-update.macos64_2.0.0.202105311346/tools/bin/../lib/gcc/arm-none-eabi/9.3.1/../../../../arm-none-eabi/lib/thumb/v7e-m+fp/hard/libm.a
END GROUP
START GROUP
LOAD /Applications/STM32CubeIDE.app/Contents/Eclipse/plugins/com.st.stm32cube.ide.mcu.externaltools.gnu-tools-for-stm32.9-2020-q2-update.macos64_2.0.0.202105311346/tools/bin/../lib/gcc/arm-none-eabi/9.3.1/thumb/v7e-m+fp/hard/libgcc.a
LOAD /Applications/STM32CubeIDE.app/Contents/Eclipse/plugins/com.st.stm32cube.ide.mcu.externaltools.gnu-tools-for-stm32.9-2020-q2-update.macos64_2.0.0.202105311346/tools/bin/../lib/gcc/arm-none-eabi/9.3.1/../../../../arm-none-eabi/lib/thumb/v7e-m+fp/hard/libc_nano.a
END GROUP
START GROUP
LOAD /Applications/STM32CubeIDE.app/Contents/Eclipse/plugins/com.st.stm32cube.ide.mcu.externaltools.gnu-tools-for-stm32.9-2020-q2-update.macos64_2.0.0.202105311346/tools/bin/../lib/gcc/arm-none-eabi/9.3.1/thumb/v7e-m+fp/hard/libgcc.a
LOAD /Applications/STM32CubeIDE.app/Contents/Eclipse/plugins/com.st.stm32cube.ide.mcu.externaltools.gnu-tools-for-stm32.9-2020-q2-update.macos64_2.0.0.202105311346/tools/bin/../lib/gcc/arm-none-eabi/9.3.1/../../../../arm-none-eabi/lib/thumb/v7e-m+fp/hard/libc_nano.a
LOAD /Applications/STM32CubeIDE.app/Contents/Eclipse/plugins/com.st.stm32cube.ide.mcu.externaltools.gnu-tools-for-stm32.9-2020-q2-update.macos64_2.0.0.202105311346/tools/bin/../lib/gcc/arm-none-eabi/9.3.1/../../../../arm-none-eabi/lib/thumb/v7e-m+fp/hard/libnosys.a
END GROUP
START GROUP
LOAD /Applications/STM32CubeIDE.app/Contents/Eclipse/plugins/com.st.stm32cube.ide.mcu.externaltools.gnu-tools-for-stm32.9-2020-q2-update.macos64_2.0.0.202105311346/tools/bin/../lib/gcc/arm-none-eabi/9.3.1/thumb/v7e-m+fp/hard/libgcc.a
LOAD /Applications/STM32CubeIDE.app/Contents/Eclipse/plugins/com.st.stm32cube.ide.mcu.externaltools.gnu-tools-for-stm32.9-2020-q2-update.macos64_2.0.0.202105311346/tools/bin/../lib/gcc/arm-none-eabi/9.3.1/../../../../arm-none-eabi/lib/thumb/v7e-m+fp/hard/libc_nano.a
LOAD /Applications/STM32CubeIDE.app/Contents/Eclipse/plugins/com.st.stm32cube.ide.mcu.externaltools.gnu-tools-for-stm32.9-2020-q2-update.macos64_2.0.0.202105311346/tools/bin/../lib/gcc/arm-none-eabi/9.3.1/../../../../arm-none-eabi/lib/thumb/v7e-m+fp/hard/libnosys.a
END GROUP
LOAD /Applications/STM32CubeIDE.app/Contents/Eclipse/plugins/com.st.stm32cube.ide.mcu.externaltools.gnu-tools-for-stm32.9-2020-q2-update.macos64_2.0.0.202105311346/tools/bin/../lib/gcc/arm-none-eabi/9.3.1/thumb/v7e-m+fp/hard/crtend.o
LOAD /Applications/STM32CubeIDE.app/Contents/Eclipse/plugins/com.st.stm32cube.ide.mcu.externaltools.gnu-tools-for-stm32.9-2020-q2-update.macos64_2.0.0.202105311346/tools/bin/../lib/gcc/arm-none-eabi/9.3.1/thumb/v7e-m+fp/hard/crtn.o
                0x0000000020040000                _estack = (ORIGIN (RAM) + LENGTH (RAM))
                0x0000000000000200                _Min_Heap_Size = 0x200
                0x0000000000000400                _Min_Stack_Size = 0x400

.isr_vector     0x0000000008000000      0x1ac
                0x0000000008000000                . = ALIGN (0x4)
 *(.isr_vector)
 .isr_vector    0x0000000008000000      0x1ac ./Core/Startup/startup_stm32l496agix.o
                0x0000000008000000                g_pfnVectors
                0x00000000080001ac                . = ALIGN (0x4)

.text           0x00000000080001b0     0x83f0
                0x00000000080001b0                . = ALIGN (0x4)
 *(.text)
 .text          0x00000000080001b0       0x40 /Applications/STM32CubeIDE.app/Contents/Eclipse/plugins/com.st.stm32cube.ide.mcu.externaltools.gnu-tools-for-stm32.9-2020-q2-update.macos64_2.0.0.202105311346/tools/bin/../lib/gcc/arm-none-eabi/9.3.1/thumb/v7e-m+fp/hard/crtbegin.o
 .text          0x00000000080001f0       0xa0 /Applications/STM32CubeIDE.app/Contents/Eclipse/plugins/com.st.stm32cube.ide.mcu.externaltools.gnu-tools-for-stm32.9-2020-q2-update.macos64_2.0.0.202105311346/tools/bin/../lib/gcc/arm-none-eabi/9.3.1/../../../../arm-none-eabi/lib/thumb/v7e-m+fp/hard/libc_nano.a(lib_a-memchr.o)
                0x00000000080001f0                memchr
 .text          0x0000000008000290       0x30 /Applications/STM32CubeIDE.app/Contents/Eclipse/plugins/com.st.stm32cube.ide.mcu.externaltools.gnu-tools-for-stm32.9-2020-q2-update.macos64_2.0.0.202105311346/tools/bin/../lib/gcc/arm-none-eabi/9.3.1/thumb/v7e-m+fp/hard/libgcc.a(_aeabi_uldivmod.o)
                0x0000000008000290                __aeabi_uldivmod
 .text          0x00000000080002c0      0x2c4 /Applications/STM32CubeIDE.app/Contents/Eclipse/plugins/com.st.stm32cube.ide.mcu.externaltools.gnu-tools-for-stm32.9-2020-q2-update.macos64_2.0.0.202105311346/tools/bin/../lib/gcc/arm-none-eabi/9.3.1/thumb/v7e-m+fp/hard/libgcc.a(_udivmoddi4.o)
                0x00000000080002c0                __udivmoddi4
 .text          0x0000000008000584        0x4 /Applications/STM32CubeIDE.app/Contents/Eclipse/plugins/com.st.stm32cube.ide.mcu.externaltools.gnu-tools-for-stm32.9-2020-q2-update.macos64_2.0.0.202105311346/tools/bin/../lib/gcc/arm-none-eabi/9.3.1/thumb/v7e-m+fp/hard/libgcc.a(_dvmd_tls.o)
                0x0000000008000584                __aeabi_ldiv0
                0x0000000008000584                __aeabi_idiv0
 *(.text*)
 .text.FRAM_DMA_Init
                0x0000000008000588       0x7c ./Core/Src/ext_fram_dma.o
                0x0000000008000588                FRAM_DMA_Init
 .text.FRAM_DMA_Read
                0x0000000008000604       0x80 ./Core/Src/ext_fram_dma.o
                0x0000000008000604                FRAM_DMA_Read
 .text.FRAM_DMA_Write
                0x0000000008000684       0xac ./Core/Src/ext_fram_dma.o
                0x0000000008000684                FRAM_DMA_Write
 .text.HAL_SPI_TxCpltCallback
                0x0000000008000730       0x20 ./Core/Src/ext_fram_dma.o
                0x0000000008000730                HAL_SPI_TxCpltCallback
 .text.HAL_SPI_RxCpltCallback
                0x0000000008000750       0x20 ./Core/Src/ext_fram_dma.o
                0x0000000008000750                HAL_SPI_RxCpltCallback
 .text.main     0x0000000008000770       0xdc ./Core/Src/main.o
                0x0000000008000770                main
 .text.SystemClock_Config
                0x000000000800084c       0xa4 ./Core/Src/main.o
                0x000000000800084c                SystemClock_Config
 .text.MX_SPI2_Init
                0x00000000080008f0       0x7c ./Core/Src/main.o
 .text.MX_USART2_UART_Init
                0x000000000800096c       0x60 ./Core/Src/main.o
 .text.MX_DMA_Init
                0x00000000080009cc       0x4c ./Core/Src/main.o
 .text.MX_GPIO_Init
                0x0000000008000a18      0x1d4 ./Core/Src/main.o
 .text.HAL_TIM_PeriodElapsedCallback
                0x0000000008000bec       0x24 ./Core/Src/main.o
                0x0000000008000bec                HAL_TIM_PeriodElapsedCallback
 .text.Error_Handler
                0x0000000008000c10        0xa ./Core/Src/main.o
                0x0000000008000c10                Error_Handler
 *fill*         0x0000000008000c1a        0x2 
 .text.mfxstm32l152_Init
                0x0000000008000c1c       0x5c ./Core/Src/mfxstm32l152.o
                0x0000000008000c1c                mfxstm32l152_Init
 .text.mfxstm32l152_DeInit
                0x0000000008000c78       0x28 ./Core/Src/mfxstm32l152.o
                0x0000000008000c78                mfxstm32l152_DeInit
 .text.mfxstm32l152_Reset
                0x0000000008000ca0       0x24 ./Core/Src/mfxstm32l152.o
                0x0000000008000ca0                mfxstm32l152_Reset
 .text.mfxstm32l152_LowPower
                0x0000000008000cc4       0x22 ./Core/Src/mfxstm32l152.o
                0x0000000008000cc4                mfxstm32l152_LowPower
 .text.mfxstm32l152_WakeUp
                0x0000000008000ce6       0x2c ./Core/Src/mfxstm32l152.o
                0x0000000008000ce6                mfxstm32l152_WakeUp
 .text.mfxstm32l152_ReadID
                0x0000000008000d12       0x2e ./Core/Src/mfxstm32l152.o
                0x0000000008000d12                mfxstm32l152_ReadID
 .text.mfxstm32l152_EnableITSource
                0x0000000008000d40       0x3e ./Core/Src/mfxstm32l152.o
                0x0000000008000d40                mfxstm32l152_EnableITSource
 .text.mfxstm32l152_DisableITSource
                0x0000000008000d7e       0x48 ./Core/Src/mfxstm32l152.o
                0x0000000008000d7e                mfxstm32l152_DisableITSource
 .text.mfxstm32l152_GlobalITStatus
                0x0000000008000dc6       0x2c ./Core/Src/mfxstm32l152.o
                0x0000000008000dc6                mfxstm32l152_GlobalITStatus
 .text.mfxstm32l152_ClearGlobalIT
                0x0000000008000df2       0x24 ./Core/Src/mfxstm32l152.o
                0x0000000008000df2                mfxstm32l152_ClearGlobalIT
 .text.mfxstm32l152_SetIrqOutPinPolarity
                0x0000000008000e16       0x4c ./Core/Src/mfxstm32l152.o
                0x0000000008000e16                mfxstm32l152_SetIrqOutPinPolarity
 .text.mfxstm32l152_SetIrqOutPinType
                0x0000000008000e62       0x4c ./Core/Src/mfxstm32l152.o
                0x0000000008000e62                mfxstm32l152_SetIrqOutPinType
 .text.mfxstm32l152_IO_Start
                0x0000000008000eae       0x56 ./Core/Src/mfxstm32l152.o
                0x0000000008000eae                mfxstm32l152_IO_Start
 .text.mfxstm32l152_IO_Config
                0x0000000008000f04      0x5d4 ./Core/Src/mfxstm32l152.o
                0x0000000008000f04                mfxstm32l152_IO_Config
 .text.mfxstm32l152_IO_InitPin
                0x00000000080014d8       0x24 ./Core/Src/mfxstm32l152.o
                0x00000000080014d8                mfxstm32l152_IO_InitPin
 .text.mfxstm32l152_IO_SetIrqEvtMode
                0x00000000080014fc       0x2a ./Core/Src/mfxstm32l152.o
                0x00000000080014fc                mfxstm32l152_IO_SetIrqEvtMode
 .text.mfxstm32l152_IO_SetIrqTypeMode
                0x0000000008001526       0x2a ./Core/Src/mfxstm32l152.o
                0x0000000008001526                mfxstm32l152_IO_SetIrqTypeMode
 .text.mfxstm32l152_IO_WritePin
                0x0000000008001550       0x38 ./Core/Src/mfxstm32l152.o
                0x0000000008001550                mfxstm32l152_IO_WritePin
 .text.mfxstm32l152_IO_ReadPin
                0x0000000008001588       0x7c ./Core/Src/mfxstm32l152.o
                0x0000000008001588                mfxstm32l152_IO_ReadPin
 .text.mfxstm32l152_IO_EnableIT
                0x0000000008001604       0x20 ./Core/Src/mfxstm32l152.o
                0x0000000008001604                mfxstm32l152_IO_EnableIT
 .text.mfxstm32l152_IO_DisableIT
                0x0000000008001624       0x1c ./Core/Src/mfxstm32l152.o
                0x0000000008001624                mfxstm32l152_IO_DisableIT
 .text.mfxstm32l152_IO_EnablePinIT
                0x0000000008001640       0x20 ./Core/Src/mfxstm32l152.o
                0x0000000008001640                mfxstm32l152_IO_EnablePinIT
 .text.mfxstm32l152_IO_DisablePinIT
                0x0000000008001660       0x20 ./Core/Src/mfxstm32l152.o
                0x0000000008001660                mfxstm32l152_IO_DisablePinIT
 .text.mfxstm32l152_IO_ITStatus
                0x0000000008001680       0x82 ./Core/Src/mfxstm32l152.o
                0x0000000008001680                mfxstm32l152_IO_ITStatus
 .text.mfxstm32l152_IO_ClearIT
                0x0000000008001702       0x5a ./Core/Src/mfxstm32l152.o
                0x0000000008001702                mfxstm32l152_IO_ClearIT
 .text.mfxstm32l152_IDD_Start
                0x000000000800175c       0x40 ./Core/Src/mfxstm32l152.o
                0x000000000800175c                mfxstm32l152_IDD_Start
 .text.mfxstm32l152_IDD_Config
                0x000000000800179c      0x2ca ./Core/Src/mfxstm32l152.o
                0x000000000800179c                mfxstm32l152_IDD_Config
 .text.mfxstm32l152_IDD_GetValue
                0x0000000008001a66       0x3a ./Core/Src/mfxstm32l152.o
                0x0000000008001a66                mfxstm32l152_IDD_GetValue
 .text.mfxstm32l152_IDD_EnableIT
                0x0000000008001aa0       0x20 ./Core/Src/mfxstm32l152.o
                0x0000000008001aa0                mfxstm32l152_IDD_EnableIT
 .text.mfxstm32l152_IDD_ClearIT
                0x0000000008001ac0       0x1c ./Core/Src/mfxstm32l152.o
                0x0000000008001ac0                mfxstm32l152_IDD_ClearIT
 .text.mfxstm32l152_IDD_GetITStatus
                0x0000000008001adc       0x1e ./Core/Src/mfxstm32l152.o
                0x0000000008001adc                mfxstm32l152_IDD_GetITStatus
 .text.mfxstm32l152_IDD_DisableIT
                0x0000000008001afa       0x1c ./Core/Src/mfxstm32l152.o
                0x0000000008001afa                mfxstm32l152_IDD_DisableIT
 .text.mfxstm32l152_Error_ReadSrc
                0x0000000008001b16       0x22 ./Core/Src/mfxstm32l152.o
                0x0000000008001b16                mfxstm32l152_Error_ReadSrc
 .text.mfxstm32l152_Error_ReadMsg
                0x0000000008001b38       0x22 ./Core/Src/mfxstm32l152.o
                0x0000000008001b38                mfxstm32l152_Error_ReadMsg
 .text.mfxstm32l152_Error_EnableIT
                0x0000000008001b5a       0x20 ./Core/Src/mfxstm32l152.o
                0x0000000008001b5a                mfxstm32l152_Error_EnableIT
 .text.mfxstm32l152_Error_ClearIT
                0x0000000008001b7a       0x1c ./Core/Src/mfxstm32l152.o
                0x0000000008001b7a                mfxstm32l152_Error_ClearIT
 .text.mfxstm32l152_Error_GetITStatus
                0x0000000008001b96       0x1e ./Core/Src/mfxstm32l152.o
                0x0000000008001b96                mfxstm32l152_Error_GetITStatus
 .text.mfxstm32l152_Error_DisableIT
                0x0000000008001bb4       0x1c ./Core/Src/mfxstm32l152.o
                0x0000000008001bb4                mfxstm32l152_Error_DisableIT
 .text.mfxstm32l152_GetInstance
                0x0000000008001bd0       0x40 ./Core/Src/mfxstm32l152.o
 .text.mfxstm32l152_ReleaseInstance
                0x0000000008001c10       0x48 ./Core/Src/mfxstm32l152.o
 .text.mfxstm32l152_reg24_setPinValue
                0x0000000008001c58      0x10e ./Core/Src/mfxstm32l152.o
 .text.BSP_ErrorHandler
                0x0000000008001d66        0x6 ./Core/Src/stm32l496g_discovery.o
                0x0000000008001d66                BSP_ErrorHandler
 .text.I2C2_Init
                0x0000000008001d6c       0x5c ./Core/Src/stm32l496g_discovery.o
                0x0000000008001d6c                I2C2_Init
 .text.I2C2_MspInit
                0x0000000008001dc8       0xfc ./Core/Src/stm32l496g_discovery.o
 .text.I2C2_DeInit
                0x0000000008001ec4       0x24 ./Core/Src/stm32l496g_discovery.o
                0x0000000008001ec4                I2C2_DeInit
 .text.I2C2_MspDeInit
                0x0000000008001ee8       0x9c ./Core/Src/stm32l496g_discovery.o
 .text.I2C2_WriteData
                0x0000000008001f84       0x64 ./Core/Src/stm32l496g_discovery.o
 .text.I2C2_ReadData
                0x0000000008001fe8       0x68 ./Core/Src/stm32l496g_discovery.o
 .text.I2C2_isDeviceReady
                0x0000000008002050       0x4c ./Core/Src/stm32l496g_discovery.o
 .text.I2C2_ReadBuffer
                0x000000000800209c       0x5c ./Core/Src/stm32l496g_discovery.o
 .text.I2C2_Error
                0x00000000080020f8       0x1c ./Core/Src/stm32l496g_discovery.o
 .text.MFX_IO_Init
                0x0000000008002114       0x1e ./Core/Src/stm32l496g_discovery.o
                0x0000000008002114                MFX_IO_Init
 *fill*         0x0000000008002132        0x2 
 .text.MFX_IO_DeInit
                0x0000000008002134       0x78 ./Core/Src/stm32l496g_discovery.o
                0x0000000008002134                MFX_IO_DeInit
 .text.MFX_IO_ITConfig
                0x00000000080021ac       0x5c ./Core/Src/stm32l496g_discovery.o
                0x00000000080021ac                MFX_IO_ITConfig
 .text.MFX_IO_EnableWakeupPin
                0x0000000008002208       0x48 ./Core/Src/stm32l496g_discovery.o
                0x0000000008002208                MFX_IO_EnableWakeupPin
 .text.MFX_IO_Wakeup
                0x0000000008002250       0x28 ./Core/Src/stm32l496g_discovery.o
                0x0000000008002250                MFX_IO_Wakeup
 .text.MFX_IO_Write
                0x0000000008002278       0x28 ./Core/Src/stm32l496g_discovery.o
                0x0000000008002278                MFX_IO_Write
 .text.MFX_IO_Read
                0x00000000080022a0       0x28 ./Core/Src/stm32l496g_discovery.o
                0x00000000080022a0                MFX_IO_Read
 .text.MFX_IO_ReadMultiple
                0x00000000080022c8       0x34 ./Core/Src/stm32l496g_discovery.o
                0x00000000080022c8                MFX_IO_ReadMultiple
 .text.MFX_IO_Delay
                0x00000000080022fc       0x16 ./Core/Src/stm32l496g_discovery.o
                0x00000000080022fc                MFX_IO_Delay
 *fill*         0x0000000008002312        0x2 
 .text.BSP_IO_Init
                0x0000000008002314       0x88 ./Core/Src/stm32l496g_discovery_io.o
                0x0000000008002314                BSP_IO_Init
 .text.BSP_IO_ConfigPin
                0x000000000800239c       0x38 ./Core/Src/stm32l496g_discovery_io.o
                0x000000000800239c                BSP_IO_ConfigPin
 .text.BSP_IO_WritePin
                0x00000000080023d4       0x38 ./Core/Src/stm32l496g_discovery_io.o
                0x00000000080023d4                BSP_IO_WritePin
 .text.BSP_IO_TogglePin
                0x000000000800240c       0x48 ./Core/Src/stm32l496g_discovery_io.o
                0x000000000800240c                BSP_IO_TogglePin
 .text.HAL_MspInit
                0x0000000008002454       0x48 ./Core/Src/stm32l4xx_hal_msp.o
                0x0000000008002454                HAL_MspInit
 .text.HAL_SPI_MspInit
                0x000000000800249c      0x178 ./Core/Src/stm32l4xx_hal_msp.o
                0x000000000800249c                HAL_SPI_MspInit
 .text.HAL_UART_MspInit
                0x0000000008002614      0x100 ./Core/Src/stm32l4xx_hal_msp.o
                0x0000000008002614                HAL_UART_MspInit
 .text.HAL_InitTick
                0x0000000008002714       0xac ./Core/Src/stm32l4xx_hal_timebase_tim.o
                0x0000000008002714                HAL_InitTick
 .text.NMI_Handler
                0x00000000080027c0        0x6 ./Core/Src/stm32l4xx_it.o
                0x00000000080027c0                NMI_Handler
 .text.HardFault_Handler
                0x00000000080027c6        0x6 ./Core/Src/stm32l4xx_it.o
                0x00000000080027c6                HardFault_Handler
 .text.MemManage_Handler
                0x00000000080027cc        0x6 ./Core/Src/stm32l4xx_it.o
                0x00000000080027cc                MemManage_Handler
 .text.BusFault_Handler
                0x00000000080027d2        0x6 ./Core/Src/stm32l4xx_it.o
                0x00000000080027d2                BusFault_Handler
 .text.UsageFault_Handler
                0x00000000080027d8        0x6 ./Core/Src/stm32l4xx_it.o
                0x00000000080027d8                UsageFault_Handler
 .text.SVC_Handler
                0x00000000080027de        0xe ./Core/Src/stm32l4xx_it.o
                0x00000000080027de                SVC_Handler
 .text.DebugMon_Handler
                0x00000000080027ec        0xe ./Core/Src/stm32l4xx_it.o
                0x00000000080027ec                DebugMon_Handler
 .text.PendSV_Handler
                0x00000000080027fa        0xe ./Core/Src/stm32l4xx_it.o
                0x00000000080027fa                PendSV_Handler
 .text.SysTick_Handler
                0x0000000008002808        0xe ./Core/Src/stm32l4xx_it.o
                0x0000000008002808                SysTick_Handler
 *fill*         0x0000000008002816        0x2 
 .text.DMA1_Channel4_IRQHandler
                0x0000000008002818       0x14 ./Core/Src/stm32l4xx_it.o
                0x0000000008002818                DMA1_Channel4_IRQHandler
 .text.DMA1_Channel5_IRQHandler
                0x000000000800282c       0x14 ./Core/Src/stm32l4xx_it.o
                0x000000000800282c                DMA1_Channel5_IRQHandler
 .text.EXTI9_5_IRQHandler
                0x0000000008002840       0x18 ./Core/Src/stm32l4xx_it.o
                0x0000000008002840                EXTI9_5_IRQHandler
 .text.TIM1_UP_TIM16_IRQHandler
                0x0000000008002858       0x14 ./Core/Src/stm32l4xx_it.o
                0x0000000008002858                TIM1_UP_TIM16_IRQHandler
 .text.EXTI15_10_IRQHandler
                0x000000000800286c       0x20 ./Core/Src/stm32l4xx_it.o
                0x000000000800286c                EXTI15_10_IRQHandler
 .text._sbrk    0x000000000800288c       0x6c ./Core/Src/sysmem.o
                0x000000000800288c                _sbrk
 .text.SystemInit
                0x00000000080028f8       0x24 ./Core/Src/system_stm32l4xx.o
                0x00000000080028f8                SystemInit
 .text.Reset_Handler
                0x000000000800291c       0x50 ./Core/Startup/startup_stm32l496agix.o
                0x000000000800291c                Reset_Handler
 .text.Default_Handler
                0x000000000800296c        0x2 ./Core/Startup/startup_stm32l496agix.o
                0x000000000800296c                TIM1_BRK_TIM15_IRQHandler
                0x000000000800296c                EXTI2_IRQHandler
                0x000000000800296c                TIM8_TRG_COM_IRQHandler
                0x000000000800296c                TIM8_CC_IRQHandler
                0x000000000800296c                TIM1_CC_IRQHandler
                0x000000000800296c                TSC_IRQHandler
                0x000000000800296c                TAMP_STAMP_IRQHandler
                0x000000000800296c                CAN2_RX1_IRQHandler
                0x000000000800296c                EXTI3_IRQHandler
                0x000000000800296c                LPTIM2_IRQHandler
                0x000000000800296c                DFSDM1_FLT1_IRQHandler
                0x000000000800296c                I2C3_ER_IRQHandler
                0x000000000800296c                DFSDM1_FLT2_IRQHandler
                0x000000000800296c                EXTI0_IRQHandler
                0x000000000800296c                I2C2_EV_IRQHandler
                0x000000000800296c                CAN1_RX0_IRQHandler
                0x000000000800296c                FPU_IRQHandler
                0x000000000800296c                CAN2_SCE_IRQHandler
                0x000000000800296c                ADC1_2_IRQHandler
                0x000000000800296c                SPI1_IRQHandler
                0x000000000800296c                TIM6_DAC_IRQHandler
                0x000000000800296c                DCMI_IRQHandler
                0x000000000800296c                CAN2_RX0_IRQHandler
                0x000000000800296c                TIM8_UP_IRQHandler
                0x000000000800296c                DMA2_Channel2_IRQHandler
                0x000000000800296c                SAI2_IRQHandler
                0x000000000800296c                DFSDM1_FLT3_IRQHandler
                0x000000000800296c                USART3_IRQHandler
                0x000000000800296c                DMA1_Channel7_IRQHandler
                0x000000000800296c                CAN1_RX1_IRQHandler
                0x000000000800296c                LCD_IRQHandler
                0x000000000800296c                UART5_IRQHandler
                0x000000000800296c                ADC3_IRQHandler
                0x000000000800296c                TIM4_IRQHandler
                0x000000000800296c                DMA2_Channel1_IRQHandler
                0x000000000800296c                QUADSPI_IRQHandler
                0x000000000800296c                I2C1_EV_IRQHandler
                0x000000000800296c                DMA1_Channel6_IRQHandler
                0x000000000800296c                UART4_IRQHandler
                0x000000000800296c                DMA2_Channel4_IRQHandler
                0x000000000800296c                TIM3_IRQHandler
                0x000000000800296c                RCC_IRQHandler
                0x000000000800296c                DMA1_Channel1_IRQHandler
                0x000000000800296c                Default_Handler
                0x000000000800296c                DMA2_Channel7_IRQHandler
                0x000000000800296c                TIM7_IRQHandler
                0x000000000800296c                SDMMC1_IRQHandler
                0x000000000800296c                CAN2_TX_IRQHandler
                0x000000000800296c                TIM5_IRQHandler
                0x000000000800296c                I2C3_EV_IRQHandler
                0x000000000800296c                RTC_WKUP_IRQHandler
                0x000000000800296c                PVD_PVM_IRQHandler
                0x000000000800296c                SPI2_IRQHandler
                0x000000000800296c                CAN1_TX_IRQHandler
                0x000000000800296c                DMA2_Channel5_IRQHandler
                0x000000000800296c                CRS_IRQHandler
                0x000000000800296c                EXTI4_IRQHandler
                0x000000000800296c                RNG_IRQHandler
                0x000000000800296c                TIM1_TRG_COM_TIM17_IRQHandler
                0x000000000800296c                DMA1_Channel3_IRQHandler
                0x000000000800296c                COMP_IRQHandler
                0x000000000800296c                WWDG_IRQHandler
                0x000000000800296c                I2C4_EV_IRQHandler
                0x000000000800296c                LPUART1_IRQHandler
                0x000000000800296c                DMA2_Channel6_IRQHandler
                0x000000000800296c                TIM2_IRQHandler
                0x000000000800296c                EXTI1_IRQHandler
                0x000000000800296c                USART2_IRQHandler
                0x000000000800296c                DFSDM1_FLT0_IRQHandler
                0x000000000800296c                I2C2_ER_IRQHandler
                0x000000000800296c                DMA1_Channel2_IRQHandler
                0x000000000800296c                TIM8_BRK_IRQHandler
                0x000000000800296c                CAN1_SCE_IRQHandler
                0x000000000800296c                FLASH_IRQHandler
                0x000000000800296c                USART1_IRQHandler
                0x000000000800296c                OTG_FS_IRQHandler
                0x000000000800296c                SPI3_IRQHandler
                0x000000000800296c                I2C1_ER_IRQHandler
                0x000000000800296c                FMC_IRQHandler
                0x000000000800296c                SWPMI1_IRQHandler
                0x000000000800296c                LPTIM1_IRQHandler
                0x000000000800296c                I2C4_ER_IRQHandler
                0x000000000800296c                SAI1_IRQHandler
                0x000000000800296c                DMA2_Channel3_IRQHandler
                0x000000000800296c                RTC_Alarm_IRQHandler
 .text.HAL_Init
                0x000000000800296e       0x30 ./Drivers/STM32L4xx_HAL_Driver/Src/stm32l4xx_hal.o
                0x000000000800296e                HAL_Init
 *fill*         0x000000000800299e        0x2 
 .text.HAL_IncTick
                0x00000000080029a0       0x28 ./Drivers/STM32L4xx_HAL_Driver/Src/stm32l4xx_hal.o
                0x00000000080029a0                HAL_IncTick
 .text.HAL_GetTick
                0x00000000080029c8       0x18 ./Drivers/STM32L4xx_HAL_Driver/Src/stm32l4xx_hal.o
                0x00000000080029c8                HAL_GetTick
 .text.HAL_Delay
                0x00000000080029e0       0x48 ./Drivers/STM32L4xx_HAL_Driver/Src/stm32l4xx_hal.o
                0x00000000080029e0                HAL_Delay
 .text.__NVIC_SetPriorityGrouping
                0x0000000008002a28       0x48 ./Drivers/STM32L4xx_HAL_Driver/Src/stm32l4xx_hal_cortex.o
 .text.__NVIC_GetPriorityGrouping
                0x0000000008002a70       0x1c ./Drivers/STM32L4xx_HAL_Driver/Src/stm32l4xx_hal_cortex.o
 .text.__NVIC_EnableIRQ
                0x0000000008002a8c       0x3c ./Drivers/STM32L4xx_HAL_Driver/Src/stm32l4xx_hal_cortex.o
 .text.__NVIC_DisableIRQ
                0x0000000008002ac8       0x48 ./Drivers/STM32L4xx_HAL_Driver/Src/stm32l4xx_hal_cortex.o
 .text.__NVIC_SetPriority
                0x0000000008002b10       0x54 ./Drivers/STM32L4xx_HAL_Driver/Src/stm32l4xx_hal_cortex.o
 .text.NVIC_EncodePriority
                0x0000000008002b64       0x66 ./Drivers/STM32L4xx_HAL_Driver/Src/stm32l4xx_hal_cortex.o
 .text.HAL_NVIC_SetPriorityGrouping
                0x0000000008002bca       0x16 ./Drivers/STM32L4xx_HAL_Driver/Src/stm32l4xx_hal_cortex.o
                0x0000000008002bca                HAL_NVIC_SetPriorityGrouping
 .text.HAL_NVIC_SetPriority
                0x0000000008002be0       0x38 ./Drivers/STM32L4xx_HAL_Driver/Src/stm32l4xx_hal_cortex.o
                0x0000000008002be0                HAL_NVIC_SetPriority
 .text.HAL_NVIC_EnableIRQ
                0x0000000008002c18       0x1c ./Drivers/STM32L4xx_HAL_Driver/Src/stm32l4xx_hal_cortex.o
                0x0000000008002c18                HAL_NVIC_EnableIRQ
 .text.HAL_NVIC_DisableIRQ
                0x0000000008002c34       0x1c ./Drivers/STM32L4xx_HAL_Driver/Src/stm32l4xx_hal_cortex.o
                0x0000000008002c34                HAL_NVIC_DisableIRQ
 .text.HAL_DMA_Init
                0x0000000008002c50      0x170 ./Drivers/STM32L4xx_HAL_Driver/Src/stm32l4xx_hal_dma.o
                0x0000000008002c50                HAL_DMA_Init
 .text.HAL_DMA_Start_IT
                0x0000000008002dc0       0xc0 ./Drivers/STM32L4xx_HAL_Driver/Src/stm32l4xx_hal_dma.o
                0x0000000008002dc0                HAL_DMA_Start_IT
 .text.HAL_DMA_IRQHandler
                0x0000000008002e80      0x15e ./Drivers/STM32L4xx_HAL_Driver/Src/stm32l4xx_hal_dma.o
                0x0000000008002e80                HAL_DMA_IRQHandler
 .text.DMA_SetConfig
                0x0000000008002fde       0x60 ./Drivers/STM32L4xx_HAL_Driver/Src/stm32l4xx_hal_dma.o
 *fill*         0x000000000800303e        0x2 
 .text.HAL_GPIO_Init
                0x0000000008003040      0x324 ./Drivers/STM32L4xx_HAL_Driver/Src/stm32l4xx_hal_gpio.o
                0x0000000008003040                HAL_GPIO_Init
 .text.HAL_GPIO_DeInit
                0x0000000008003364      0x1e4 ./Drivers/STM32L4xx_HAL_Driver/Src/stm32l4xx_hal_gpio.o
                0x0000000008003364                HAL_GPIO_DeInit
 .text.HAL_GPIO_WritePin
                0x0000000008003548       0x30 ./Drivers/STM32L4xx_HAL_Driver/Src/stm32l4xx_hal_gpio.o
                0x0000000008003548                HAL_GPIO_WritePin
 .text.HAL_GPIO_TogglePin
                0x0000000008003578       0x34 ./Drivers/STM32L4xx_HAL_Driver/Src/stm32l4xx_hal_gpio.o
                0x0000000008003578                HAL_GPIO_TogglePin
 .text.HAL_GPIO_EXTI_IRQHandler
                0x00000000080035ac       0x30 ./Drivers/STM32L4xx_HAL_Driver/Src/stm32l4xx_hal_gpio.o
                0x00000000080035ac                HAL_GPIO_EXTI_IRQHandler
 .text.HAL_GPIO_EXTI_Callback
                0x00000000080035dc       0x82 ./Drivers/STM32L4xx_HAL_Driver/Src/stm32l4xx_hal_gpio.o
                0x00000000080035dc                HAL_GPIO_EXTI_Callback
 .text.HAL_I2C_Init
                0x000000000800365e      0x11e ./Drivers/STM32L4xx_HAL_Driver/Src/stm32l4xx_hal_i2c.o
                0x000000000800365e                HAL_I2C_Init
 .text.HAL_I2C_DeInit
                0x000000000800377c       0x5e ./Drivers/STM32L4xx_HAL_Driver/Src/stm32l4xx_hal_i2c.o
                0x000000000800377c                HAL_I2C_DeInit
 .text.HAL_I2C_MspInit
                0x00000000080037da       0x14 ./Drivers/STM32L4xx_HAL_Driver/Src/stm32l4xx_hal_i2c.o
                0x00000000080037da                HAL_I2C_MspInit
 .text.HAL_I2C_MspDeInit
                0x00000000080037ee       0x14 ./Drivers/STM32L4xx_HAL_Driver/Src/stm32l4xx_hal_i2c.o
                0x00000000080037ee                HAL_I2C_MspDeInit
 *fill*         0x0000000008003802        0x2 
 .text.HAL_I2C_Mem_Write
                0x0000000008003804      0x228 ./Drivers/STM32L4xx_HAL_Driver/Src/stm32l4xx_hal_i2c.o
                0x0000000008003804                HAL_I2C_Mem_Write
 .text.HAL_I2C_Mem_Read
                0x0000000008003a2c      0x234 ./Drivers/STM32L4xx_HAL_Driver/Src/stm32l4xx_hal_i2c.o
                0x0000000008003a2c                HAL_I2C_Mem_Read
 .text.HAL_I2C_IsDeviceReady
                0x0000000008003c60      0x20e ./Drivers/STM32L4xx_HAL_Driver/Src/stm32l4xx_hal_i2c.o
                0x0000000008003c60                HAL_I2C_IsDeviceReady
 .text.HAL_I2C_GetState
                0x0000000008003e6e       0x1c ./Drivers/STM32L4xx_HAL_Driver/Src/stm32l4xx_hal_i2c.o
                0x0000000008003e6e                HAL_I2C_GetState
 *fill*         0x0000000008003e8a        0x2 
 .text.I2C_RequestMemoryWrite
                0x0000000008003e8c       0xa8 ./Drivers/STM32L4xx_HAL_Driver/Src/stm32l4xx_hal_i2c.o
 .text.I2C_RequestMemoryRead
                0x0000000008003f34       0xa8 ./Drivers/STM32L4xx_HAL_Driver/Src/stm32l4xx_hal_i2c.o
 .text.I2C_Flush_TXDR
                0x0000000008003fdc       0x48 ./Drivers/STM32L4xx_HAL_Driver/Src/stm32l4xx_hal_i2c.o
 .text.I2C_WaitOnFlagUntilTimeout
                0x0000000008004024       0x80 ./Drivers/STM32L4xx_HAL_Driver/Src/stm32l4xx_hal_i2c.o
 .text.I2C_WaitOnTXISFlagUntilTimeout
                0x00000000080040a4       0x80 ./Drivers/STM32L4xx_HAL_Driver/Src/stm32l4xx_hal_i2c.o
 .text.I2C_WaitOnSTOPFlagUntilTimeout
                0x0000000008004124       0x78 ./Drivers/STM32L4xx_HAL_Driver/Src/stm32l4xx_hal_i2c.o
 .text.I2C_IsErrorOccurred
                0x000000000800419c      0x1d8 ./Drivers/STM32L4xx_HAL_Driver/Src/stm32l4xx_hal_i2c.o
 .text.I2C_TransferConfig
                0x0000000008004374       0x64 ./Drivers/STM32L4xx_HAL_Driver/Src/stm32l4xx_hal_i2c.o
 .text.HAL_PWREx_GetVoltageRange
                0x00000000080043d8       0x1c ./Drivers/STM32L4xx_HAL_Driver/Src/stm32l4xx_hal_pwr_ex.o
                0x00000000080043d8                HAL_PWREx_GetVoltageRange
 .text.HAL_PWREx_ControlVoltageScaling
                0x00000000080043f4       0xac ./Drivers/STM32L4xx_HAL_Driver/Src/stm32l4xx_hal_pwr_ex.o
                0x00000000080043f4                HAL_PWREx_ControlVoltageScaling
 .text.HAL_PWREx_EnableVddIO2
                0x00000000080044a0       0x20 ./Drivers/STM32L4xx_HAL_Driver/Src/stm32l4xx_hal_pwr_ex.o
                0x00000000080044a0                HAL_PWREx_EnableVddIO2
 .text.HAL_RCC_OscConfig
                0x00000000080044c0      0x830 ./Drivers/STM32L4xx_HAL_Driver/Src/stm32l4xx_hal_rcc.o
                0x00000000080044c0                HAL_RCC_OscConfig
 .text.HAL_RCC_ClockConfig
                0x0000000008004cf0      0x200 ./Drivers/STM32L4xx_HAL_Driver/Src/stm32l4xx_hal_rcc.o
                0x0000000008004cf0                HAL_RCC_ClockConfig
 .text.HAL_RCC_GetSysClockFreq
                0x0000000008004ef0      0x118 ./Drivers/STM32L4xx_HAL_Driver/Src/stm32l4xx_hal_rcc.o
                0x0000000008004ef0                HAL_RCC_GetSysClockFreq
 .text.HAL_RCC_GetHCLKFreq
                0x0000000008005008       0x18 ./Drivers/STM32L4xx_HAL_Driver/Src/stm32l4xx_hal_rcc.o
                0x0000000008005008                HAL_RCC_GetHCLKFreq
 .text.HAL_RCC_GetPCLK1Freq
                0x0000000008005020       0x2c ./Drivers/STM32L4xx_HAL_Driver/Src/stm32l4xx_hal_rcc.o
                0x0000000008005020                HAL_RCC_GetPCLK1Freq
 .text.HAL_RCC_GetPCLK2Freq
                0x000000000800504c       0x2c ./Drivers/STM32L4xx_HAL_Driver/Src/stm32l4xx_hal_rcc.o
                0x000000000800504c                HAL_RCC_GetPCLK2Freq
 .text.HAL_RCC_GetClockConfig
                0x0000000008005078       0x64 ./Drivers/STM32L4xx_HAL_Driver/Src/stm32l4xx_hal_rcc.o
                0x0000000008005078                HAL_RCC_GetClockConfig
 .text.RCC_SetFlashLatencyFromMSIRange
                0x00000000080050dc       0xc0 ./Drivers/STM32L4xx_HAL_Driver/Src/stm32l4xx_hal_rcc.o
 .text.HAL_RCCEx_PeriphCLKConfig
                0x000000000800519c      0x5f8 ./Drivers/STM32L4xx_HAL_Driver/Src/stm32l4xx_hal_rcc_ex.o
                0x000000000800519c                HAL_RCCEx_PeriphCLKConfig
 .text.RCCEx_PLLSAI1_Config
                0x0000000008005794      0x1e4 ./Drivers/STM32L4xx_HAL_Driver/Src/stm32l4xx_hal_rcc_ex.o
 .text.RCCEx_PLLSAI2_Config
                0x0000000008005978      0x1b8 ./Drivers/STM32L4xx_HAL_Driver/Src/stm32l4xx_hal_rcc_ex.o
 .text.HAL_SPI_Init
                0x0000000008005b30      0x146 ./Drivers/STM32L4xx_HAL_Driver/Src/stm32l4xx_hal_spi.o
                0x0000000008005b30                HAL_SPI_Init
 .text.HAL_SPI_Transmit
                0x0000000008005c76      0x2dc ./Drivers/STM32L4xx_HAL_Driver/Src/stm32l4xx_hal_spi.o
                0x0000000008005c76                HAL_SPI_Transmit
 *fill*         0x0000000008005f52        0x2 
 .text.HAL_SPI_Transmit_DMA
                0x0000000008005f54      0x1e8 ./Drivers/STM32L4xx_HAL_Driver/Src/stm32l4xx_hal_spi.o
                0x0000000008005f54                HAL_SPI_Transmit_DMA
 .text.HAL_SPI_Receive_DMA
                0x000000000800613c      0x248 ./Drivers/STM32L4xx_HAL_Driver/Src/stm32l4xx_hal_spi.o
                0x000000000800613c                HAL_SPI_Receive_DMA
 .text.HAL_SPI_TransmitReceive_DMA
                0x0000000008006384      0x318 ./Drivers/STM32L4xx_HAL_Driver/Src/stm32l4xx_hal_spi.o
                0x0000000008006384                HAL_SPI_TransmitReceive_DMA
 .text.HAL_SPI_TxRxCpltCallback
                0x000000000800669c       0x14 ./Drivers/STM32L4xx_HAL_Driver/Src/stm32l4xx_hal_spi.o
                0x000000000800669c                HAL_SPI_TxRxCpltCallback
 .text.HAL_SPI_TxHalfCpltCallback
                0x00000000080066b0       0x14 ./Drivers/STM32L4xx_HAL_Driver/Src/stm32l4xx_hal_spi.o
                0x00000000080066b0                HAL_SPI_TxHalfCpltCallback
 .text.HAL_SPI_RxHalfCpltCallback
                0x00000000080066c4       0x14 ./Drivers/STM32L4xx_HAL_Driver/Src/stm32l4xx_hal_spi.o
                0x00000000080066c4                HAL_SPI_RxHalfCpltCallback
 .text.HAL_SPI_TxRxHalfCpltCallback
                0x00000000080066d8       0x14 ./Drivers/STM32L4xx_HAL_Driver/Src/stm32l4xx_hal_spi.o
                0x00000000080066d8                HAL_SPI_TxRxHalfCpltCallback
 .text.HAL_SPI_ErrorCallback
                0x00000000080066ec       0x14 ./Drivers/STM32L4xx_HAL_Driver/Src/stm32l4xx_hal_spi.o
                0x00000000080066ec                HAL_SPI_ErrorCallback
 .text.SPI_DMATransmitCplt
                0x0000000008006700       0xa6 ./Drivers/STM32L4xx_HAL_Driver/Src/stm32l4xx_hal_spi.o
 .text.SPI_DMAReceiveCplt
                0x00000000080067a6       0xa8 ./Drivers/STM32L4xx_HAL_Driver/Src/stm32l4xx_hal_spi.o
 .text.SPI_DMATransmitReceiveCplt
                0x000000000800684e       0x90 ./Drivers/STM32L4xx_HAL_Driver/Src/stm32l4xx_hal_spi.o
 .text.SPI_DMAHalfTransmitCplt
                0x00000000080068de       0x1c ./Drivers/STM32L4xx_HAL_Driver/Src/stm32l4xx_hal_spi.o
 .text.SPI_DMAHalfReceiveCplt
                0x00000000080068fa       0x1c ./Drivers/STM32L4xx_HAL_Driver/Src/stm32l4xx_hal_spi.o
 .text.SPI_DMAHalfTransmitReceiveCplt
                0x0000000008006916       0x1c ./Drivers/STM32L4xx_HAL_Driver/Src/stm32l4xx_hal_spi.o
 .text.SPI_DMAError
                0x0000000008006932       0x40 ./Drivers/STM32L4xx_HAL_Driver/Src/stm32l4xx_hal_spi.o
 *fill*         0x0000000008006972        0x2 
 .text.SPI_WaitFlagStateUntilTimeout
                0x0000000008006974      0x110 ./Drivers/STM32L4xx_HAL_Driver/Src/stm32l4xx_hal_spi.o
 .text.SPI_WaitFifoStateUntilTimeout
                0x0000000008006a84      0x12c ./Drivers/STM32L4xx_HAL_Driver/Src/stm32l4xx_hal_spi.o
 .text.SPI_EndRxTransaction
                0x0000000008006bb0       0xb0 ./Drivers/STM32L4xx_HAL_Driver/Src/stm32l4xx_hal_spi.o
 .text.SPI_EndRxTxTransaction
                0x0000000008006c60       0x8c ./Drivers/STM32L4xx_HAL_Driver/Src/stm32l4xx_hal_spi.o
 .text.HAL_TIM_Base_Init
                0x0000000008006cec       0xae ./Drivers/STM32L4xx_HAL_Driver/Src/stm32l4xx_hal_tim.o
                0x0000000008006cec                HAL_TIM_Base_Init
 .text.HAL_TIM_Base_MspInit
                0x0000000008006d9a       0x14 ./Drivers/STM32L4xx_HAL_Driver/Src/stm32l4xx_hal_tim.o
                0x0000000008006d9a                HAL_TIM_Base_MspInit
 *fill*         0x0000000008006dae        0x2 
 .text.HAL_TIM_Base_Start_IT
                0x0000000008006db0       0xe0 ./Drivers/STM32L4xx_HAL_Driver/Src/stm32l4xx_hal_tim.o
                0x0000000008006db0                HAL_TIM_Base_Start_IT
 .text.HAL_TIM_IRQHandler
                0x0000000008006e90      0x23e ./Drivers/STM32L4xx_HAL_Driver/Src/stm32l4xx_hal_tim.o
                0x0000000008006e90                HAL_TIM_IRQHandler
 .text.HAL_TIM_OC_DelayElapsedCallback
                0x00000000080070ce       0x14 ./Drivers/STM32L4xx_HAL_Driver/Src/stm32l4xx_hal_tim.o
                0x00000000080070ce                HAL_TIM_OC_DelayElapsedCallback
 .text.HAL_TIM_IC_CaptureCallback
                0x00000000080070e2       0x14 ./Drivers/STM32L4xx_HAL_Driver/Src/stm32l4xx_hal_tim.o
                0x00000000080070e2                HAL_TIM_IC_CaptureCallback
 .text.HAL_TIM_PWM_PulseFinishedCallback
                0x00000000080070f6       0x14 ./Drivers/STM32L4xx_HAL_Driver/Src/stm32l4xx_hal_tim.o
                0x00000000080070f6                HAL_TIM_PWM_PulseFinishedCallback
 .text.HAL_TIM_TriggerCallback
                0x000000000800710a       0x14 ./Drivers/STM32L4xx_HAL_Driver/Src/stm32l4xx_hal_tim.o
                0x000000000800710a                HAL_TIM_TriggerCallback
 *fill*         0x000000000800711e        0x2 
 .text.TIM_Base_SetConfig
                0x0000000008007120      0x134 ./Drivers/STM32L4xx_HAL_Driver/Src/stm32l4xx_hal_tim.o
                0x0000000008007120                TIM_Base_SetConfig
 .text.HAL_TIMEx_CommutCallback
                0x0000000008007254       0x14 ./Drivers/STM32L4xx_HAL_Driver/Src/stm32l4xx_hal_tim_ex.o
                0x0000000008007254                HAL_TIMEx_CommutCallback
 .text.HAL_TIMEx_BreakCallback
                0x0000000008007268       0x14 ./Drivers/STM32L4xx_HAL_Driver/Src/stm32l4xx_hal_tim_ex.o
                0x0000000008007268                HAL_TIMEx_BreakCallback
 .text.HAL_TIMEx_Break2Callback
                0x000000000800727c       0x14 ./Drivers/STM32L4xx_HAL_Driver/Src/stm32l4xx_hal_tim_ex.o
                0x000000000800727c                HAL_TIMEx_Break2Callback
 .text.HAL_UART_Init
                0x0000000008007290       0x9c ./Drivers/STM32L4xx_HAL_Driver/Src/stm32l4xx_hal_uart.o
                0x0000000008007290                HAL_UART_Init
 .text.HAL_UART_Transmit
                0x000000000800732c      0x128 ./Drivers/STM32L4xx_HAL_Driver/Src/stm32l4xx_hal_uart.o
                0x000000000800732c                HAL_UART_Transmit
 .text.UART_SetConfig
                0x0000000008007454      0x514 ./Drivers/STM32L4xx_HAL_Driver/Src/stm32l4xx_hal_uart.o
                0x0000000008007454                UART_SetConfig
 .text.UART_AdvFeatureConfig
                0x0000000008007968      0x144 ./Drivers/STM32L4xx_HAL_Driver/Src/stm32l4xx_hal_uart.o
                0x0000000008007968                UART_AdvFeatureConfig
 .text.UART_CheckIdleState
                0x0000000008007aac       0x92 ./Drivers/STM32L4xx_HAL_Driver/Src/stm32l4xx_hal_uart.o
                0x0000000008007aac                UART_CheckIdleState
 .text.UART_WaitOnFlagUntilTimeout
                0x0000000008007b3e      0x188 ./Drivers/STM32L4xx_HAL_Driver/Src/stm32l4xx_hal_uart.o
                0x0000000008007b3e                UART_WaitOnFlagUntilTimeout
 *fill*         0x0000000008007cc6        0x2 
 .text.__errno  0x0000000008007cc8        0xc /Applications/STM32CubeIDE.app/Contents/Eclipse/plugins/com.st.stm32cube.ide.mcu.externaltools.gnu-tools-for-stm32.9-2020-q2-update.macos64_2.0.0.202105311346/tools/bin/../lib/gcc/arm-none-eabi/9.3.1/../../../../arm-none-eabi/lib/thumb/v7e-m+fp/hard/libc_nano.a(lib_a-errno.o)
                0x0000000008007cc8                __errno
 .text.__libc_init_array
                0x0000000008007cd4       0x48 /Applications/STM32CubeIDE.app/Contents/Eclipse/plugins/com.st.stm32cube.ide.mcu.externaltools.gnu-tools-for-stm32.9-2020-q2-update.macos64_2.0.0.202105311346/tools/bin/../lib/gcc/arm-none-eabi/9.3.1/../../../../arm-none-eabi/lib/thumb/v7e-m+fp/hard/libc_nano.a(lib_a-init.o)
                0x0000000008007cd4                __libc_init_array
 .text.memset   0x0000000008007d1c       0x10 /Applications/STM32CubeIDE.app/Contents/Eclipse/plugins/com.st.stm32cube.ide.mcu.externaltools.gnu-tools-for-stm32.9-2020-q2-update.macos64_2.0.0.202105311346/tools/bin/../lib/gcc/arm-none-eabi/9.3.1/../../../../arm-none-eabi/lib/thumb/v7e-m+fp/hard/libc_nano.a(lib_a-memset.o)
                0x0000000008007d1c                memset
 .text.sprintf  0x0000000008007d2c       0x40 /Applications/STM32CubeIDE.app/Contents/Eclipse/plugins/com.st.stm32cube.ide.mcu.externaltools.gnu-tools-for-stm32.9-2020-q2-update.macos64_2.0.0.202105311346/tools/bin/../lib/gcc/arm-none-eabi/9.3.1/../../../../arm-none-eabi/lib/thumb/v7e-m+fp/hard/libc_nano.a(lib_a-sprintf.o)
                0x0000000008007d2c                sprintf
                0x0000000008007d2c                siprintf
 .text.__ssputs_r
                0x0000000008007d6c       0xb6 /Applications/STM32CubeIDE.app/Contents/Eclipse/plugins/com.st.stm32cube.ide.mcu.externaltools.gnu-tools-for-stm32.9-2020-q2-update.macos64_2.0.0.202105311346/tools/bin/../lib/gcc/arm-none-eabi/9.3.1/../../../../arm-none-eabi/lib/thumb/v7e-m+fp/hard/libc_nano.a(lib_a-nano-svfprintf.o)
                0x0000000008007d6c                __ssputs_r
 *fill*         0x0000000008007e22        0x2 
 .text._svfprintf_r
                0x0000000008007e24      0x200 /Applications/STM32CubeIDE.app/Contents/Eclipse/plugins/com.st.stm32cube.ide.mcu.externaltools.gnu-tools-for-stm32.9-2020-q2-update.macos64_2.0.0.202105311346/tools/bin/../lib/gcc/arm-none-eabi/9.3.1/../../../../arm-none-eabi/lib/thumb/v7e-m+fp/hard/libc_nano.a(lib_a-nano-svfprintf.o)
                0x0000000008007e24                _svfprintf_r
                0x0000000008007e24                _svfiprintf_r
 .text._printf_common
                0x0000000008008024       0xda /Applications/STM32CubeIDE.app/Contents/Eclipse/plugins/com.st.stm32cube.ide.mcu.externaltools.gnu-tools-for-stm32.9-2020-q2-update.macos64_2.0.0.202105311346/tools/bin/../lib/gcc/arm-none-eabi/9.3.1/../../../../arm-none-eabi/lib/thumb/v7e-m+fp/hard/libc_nano.a(lib_a-nano-vfprintf_i.o)
                0x0000000008008024                _printf_common
 *fill*         0x00000000080080fe        0x2 
 .text._printf_i
                0x0000000008008100      0x24c /Applications/STM32CubeIDE.app/Contents/Eclipse/plugins/com.st.stm32cube.ide.mcu.externaltools.gnu-tools-for-stm32.9-2020-q2-update.macos64_2.0.0.202105311346/tools/bin/../lib/gcc/arm-none-eabi/9.3.1/../../../../arm-none-eabi/lib/thumb/v7e-m+fp/hard/libc_nano.a(lib_a-nano-vfprintf_i.o)
                0x0000000008008100                _printf_i
 .text.memcpy   0x000000000800834c       0x1c /Applications/STM32CubeIDE.app/Contents/Eclipse/plugins/com.st.stm32cube.ide.mcu.externaltools.gnu-tools-for-stm32.9-2020-q2-update.macos64_2.0.0.202105311346/tools/bin/../lib/gcc/arm-none-eabi/9.3.1/../../../../arm-none-eabi/lib/thumb/v7e-m+fp/hard/libc_nano.a(lib_a-memcpy-stub.o)
                0x000000000800834c                memcpy
 .text.memmove  0x0000000008008368       0x34 /Applications/STM32CubeIDE.app/Contents/Eclipse/plugins/com.st.stm32cube.ide.mcu.externaltools.gnu-tools-for-stm32.9-2020-q2-update.macos64_2.0.0.202105311346/tools/bin/../lib/gcc/arm-none-eabi/9.3.1/../../../../arm-none-eabi/lib/thumb/v7e-m+fp/hard/libc_nano.a(lib_a-memmove.o)
                0x0000000008008368                memmove
 .text._free_r  0x000000000800839c       0xa0 /Applications/STM32CubeIDE.app/Contents/Eclipse/plugins/com.st.stm32cube.ide.mcu.externaltools.gnu-tools-for-stm32.9-2020-q2-update.macos64_2.0.0.202105311346/tools/bin/../lib/gcc/arm-none-eabi/9.3.1/../../../../arm-none-eabi/lib/thumb/v7e-m+fp/hard/libc_nano.a(lib_a-nano-freer.o)
                0x000000000800839c                _free_r
 .text._malloc_r
                0x000000000800843c       0xb4 /Applications/STM32CubeIDE.app/Contents/Eclipse/plugins/com.st.stm32cube.ide.mcu.externaltools.gnu-tools-for-stm32.9-2020-q2-update.macos64_2.0.0.202105311346/tools/bin/../lib/gcc/arm-none-eabi/9.3.1/../../../../arm-none-eabi/lib/thumb/v7e-m+fp/hard/libc_nano.a(lib_a-nano-mallocr.o)
                0x000000000800843c                _malloc_r
 .text._realloc_r
                0x00000000080084f0       0x4c /Applications/STM32CubeIDE.app/Contents/Eclipse/plugins/com.st.stm32cube.ide.mcu.externaltools.gnu-tools-for-stm32.9-2020-q2-update.macos64_2.0.0.202105311346/tools/bin/../lib/gcc/arm-none-eabi/9.3.1/../../../../arm-none-eabi/lib/thumb/v7e-m+fp/hard/libc_nano.a(lib_a-nano-reallocr.o)
                0x00000000080084f0                _realloc_r
 .text._sbrk_r  0x000000000800853c       0x20 /Applications/STM32CubeIDE.app/Contents/Eclipse/plugins/com.st.stm32cube.ide.mcu.externaltools.gnu-tools-for-stm32.9-2020-q2-update.macos64_2.0.0.202105311346/tools/bin/../lib/gcc/arm-none-eabi/9.3.1/../../../../arm-none-eabi/lib/thumb/v7e-m+fp/hard/libc_nano.a(lib_a-sbrkr.o)
                0x000000000800853c                _sbrk_r
 .text.__malloc_lock
                0x000000000800855c        0xc /Applications/STM32CubeIDE.app/Contents/Eclipse/plugins/com.st.stm32cube.ide.mcu.externaltools.gnu-tools-for-stm32.9-2020-q2-update.macos64_2.0.0.202105311346/tools/bin/../lib/gcc/arm-none-eabi/9.3.1/../../../../arm-none-eabi/lib/thumb/v7e-m+fp/hard/libc_nano.a(lib_a-mlock.o)
                0x000000000800855c                __malloc_lock
 .text.__malloc_unlock
                0x0000000008008568        0xc /Applications/STM32CubeIDE.app/Contents/Eclipse/plugins/com.st.stm32cube.ide.mcu.externaltools.gnu-tools-for-stm32.9-2020-q2-update.macos64_2.0.0.202105311346/tools/bin/../lib/gcc/arm-none-eabi/9.3.1/../../../../arm-none-eabi/lib/thumb/v7e-m+fp/hard/libc_nano.a(lib_a-mlock.o)
                0x0000000008008568                __malloc_unlock
 .text._malloc_usable_size_r
                0x0000000008008574       0x10 /Applications/STM32CubeIDE.app/Contents/Eclipse/plugins/com.st.stm32cube.ide.mcu.externaltools.gnu-tools-for-stm32.9-2020-q2-update.macos64_2.0.0.202105311346/tools/bin/../lib/gcc/arm-none-eabi/9.3.1/../../../../arm-none-eabi/lib/thumb/v7e-m+fp/hard/libc_nano.a(lib_a-nano-msizer.o)
                0x0000000008008574                _malloc_usable_size_r
 .text.__retarget_lock_acquire_recursive
                0x0000000008008584        0x2 /Applications/STM32CubeIDE.app/Contents/Eclipse/plugins/com.st.stm32cube.ide.mcu.externaltools.gnu-tools-for-stm32.9-2020-q2-update.macos64_2.0.0.202105311346/tools/bin/../lib/gcc/arm-none-eabi/9.3.1/../../../../arm-none-eabi/lib/thumb/v7e-m+fp/hard/libc_nano.a(lib_a-lock.o)
                0x0000000008008584                __retarget_lock_acquire_recursive
 .text.__retarget_lock_release_recursive
                0x0000000008008586        0x2 /Applications/STM32CubeIDE.app/Contents/Eclipse/plugins/com.st.stm32cube.ide.mcu.externaltools.gnu-tools-for-stm32.9-2020-q2-update.macos64_2.0.0.202105311346/tools/bin/../lib/gcc/arm-none-eabi/9.3.1/../../../../arm-none-eabi/lib/thumb/v7e-m+fp/hard/libc_nano.a(lib_a-lock.o)
                0x0000000008008586                __retarget_lock_release_recursive
 *(.glue_7)
 .glue_7        0x0000000008008588        0x0 linker stubs
 *(.glue_7t)
 .glue_7t       0x0000000008008588        0x0 linker stubs
 *(.eh_frame)
 .eh_frame      0x0000000008008588        0x0 /Applications/STM32CubeIDE.app/Contents/Eclipse/plugins/com.st.stm32cube.ide.mcu.externaltools.gnu-tools-for-stm32.9-2020-q2-update.macos64_2.0.0.202105311346/tools/bin/../lib/gcc/arm-none-eabi/9.3.1/thumb/v7e-m+fp/hard/crtbegin.o
 *(.init)
 .init          0x0000000008008588        0x4 /Applications/STM32CubeIDE.app/Contents/Eclipse/plugins/com.st.stm32cube.ide.mcu.externaltools.gnu-tools-for-stm32.9-2020-q2-update.macos64_2.0.0.202105311346/tools/bin/../lib/gcc/arm-none-eabi/9.3.1/thumb/v7e-m+fp/hard/crti.o
                0x0000000008008588                _init
 .init          0x000000000800858c        0x8 /Applications/STM32CubeIDE.app/Contents/Eclipse/plugins/com.st.stm32cube.ide.mcu.externaltools.gnu-tools-for-stm32.9-2020-q2-update.macos64_2.0.0.202105311346/tools/bin/../lib/gcc/arm-none-eabi/9.3.1/thumb/v7e-m+fp/hard/crtn.o
 *(.fini)
 .fini          0x0000000008008594        0x4 /Applications/STM32CubeIDE.app/Contents/Eclipse/plugins/com.st.stm32cube.ide.mcu.externaltools.gnu-tools-for-stm32.9-2020-q2-update.macos64_2.0.0.202105311346/tools/bin/../lib/gcc/arm-none-eabi/9.3.1/thumb/v7e-m+fp/hard/crti.o
                0x0000000008008594                _fini
 .fini          0x0000000008008598        0x8 /Applications/STM32CubeIDE.app/Contents/Eclipse/plugins/com.st.stm32cube.ide.mcu.externaltools.gnu-tools-for-stm32.9-2020-q2-update.macos64_2.0.0.202105311346/tools/bin/../lib/gcc/arm-none-eabi/9.3.1/thumb/v7e-m+fp/hard/crtn.o
                0x00000000080085a0                . = ALIGN (0x4)
                0x00000000080085a0                _etext = .

.vfp11_veneer   0x00000000080085a0        0x0
 .vfp11_veneer  0x00000000080085a0        0x0 linker stubs

.v4_bx          0x00000000080085a0        0x0
 .v4_bx         0x00000000080085a0        0x0 linker stubs

.iplt           0x00000000080085a0        0x0
 .iplt          0x00000000080085a0        0x0 /Applications/STM32CubeIDE.app/Contents/Eclipse/plugins/com.st.stm32cube.ide.mcu.externaltools.gnu-tools-for-stm32.9-2020-q2-update.macos64_2.0.0.202105311346/tools/bin/../lib/gcc/arm-none-eabi/9.3.1/thumb/v7e-m+fp/hard/crtbegin.o

.rodata         0x00000000080085a0       0x9c
                0x00000000080085a0                . = ALIGN (0x4)
 *(.rodata)
 .rodata        0x00000000080085a0       0x1d ./Core/Src/main.o
 *(.rodata*)
 *fill*         0x00000000080085bd        0x3 
 .rodata.AHBPrescTable
                0x00000000080085c0       0x10 ./Core/Src/system_stm32l4xx.o
                0x00000000080085c0                AHBPrescTable
 .rodata.APBPrescTable
                0x00000000080085d0        0x8 ./Core/Src/system_stm32l4xx.o
                0x00000000080085d0                APBPrescTable
 .rodata.MSIRangeTable
                0x00000000080085d8       0x30 ./Core/Src/system_stm32l4xx.o
                0x00000000080085d8                MSIRangeTable
 .rodata._svfprintf_r.str1.1
                0x0000000008008608       0x11 /Applications/STM32CubeIDE.app/Contents/Eclipse/plugins/com.st.stm32cube.ide.mcu.externaltools.gnu-tools-for-stm32.9-2020-q2-update.macos64_2.0.0.202105311346/tools/bin/../lib/gcc/arm-none-eabi/9.3.1/../../../../arm-none-eabi/lib/thumb/v7e-m+fp/hard/libc_nano.a(lib_a-nano-svfprintf.o)
 .rodata._printf_i.str1.1
                0x0000000008008619       0x22 /Applications/STM32CubeIDE.app/Contents/Eclipse/plugins/com.st.stm32cube.ide.mcu.externaltools.gnu-tools-for-stm32.9-2020-q2-update.macos64_2.0.0.202105311346/tools/bin/../lib/gcc/arm-none-eabi/9.3.1/../../../../arm-none-eabi/lib/thumb/v7e-m+fp/hard/libc_nano.a(lib_a-nano-vfprintf_i.o)
                0x000000000800863c                . = ALIGN (0x4)
 *fill*         0x000000000800863b        0x1 

.ARM.extab      0x000000000800863c        0x0
                0x000000000800863c                . = ALIGN (0x4)
 *(.ARM.extab* .gnu.linkonce.armextab.*)
                0x000000000800863c                . = ALIGN (0x4)

.ARM            0x000000000800863c        0x8
                0x000000000800863c                . = ALIGN (0x4)
                0x000000000800863c                __exidx_start = .
 *(.ARM.exidx*)
 .ARM.exidx     0x000000000800863c        0x8 /Applications/STM32CubeIDE.app/Contents/Eclipse/plugins/com.st.stm32cube.ide.mcu.externaltools.gnu-tools-for-stm32.9-2020-q2-update.macos64_2.0.0.202105311346/tools/bin/../lib/gcc/arm-none-eabi/9.3.1/thumb/v7e-m+fp/hard/libgcc.a(_udivmoddi4.o)
                0x0000000008008644                __exidx_end = .
                0x0000000008008644                . = ALIGN (0x4)

.rel.dyn        0x0000000008008644        0x0
 .rel.iplt      0x0000000008008644        0x0 /Applications/STM32CubeIDE.app/Contents/Eclipse/plugins/com.st.stm32cube.ide.mcu.externaltools.gnu-tools-for-stm32.9-2020-q2-update.macos64_2.0.0.202105311346/tools/bin/../lib/gcc/arm-none-eabi/9.3.1/thumb/v7e-m+fp/hard/crtbegin.o

.preinit_array  0x0000000008008644        0x0
                0x0000000008008644                . = ALIGN (0x4)
                0x0000000008008644                PROVIDE (__preinit_array_start = .)
 *(.preinit_array*)
                0x0000000008008644                PROVIDE (__preinit_array_end = .)
                0x0000000008008644                . = ALIGN (0x4)

.init_array     0x0000000008008644        0x4
                0x0000000008008644                . = ALIGN (0x4)
                0x0000000008008644                PROVIDE (__init_array_start = .)
 *(SORT_BY_NAME(.init_array.*))
 *(.init_array*)
 .init_array    0x0000000008008644        0x4 /Applications/STM32CubeIDE.app/Contents/Eclipse/plugins/com.st.stm32cube.ide.mcu.externaltools.gnu-tools-for-stm32.9-2020-q2-update.macos64_2.0.0.202105311346/tools/bin/../lib/gcc/arm-none-eabi/9.3.1/thumb/v7e-m+fp/hard/crtbegin.o
                0x0000000008008648                PROVIDE (__init_array_end = .)
                0x0000000008008648                . = ALIGN (0x4)

.fini_array     0x0000000008008648        0x4
                0x0000000008008648                . = ALIGN (0x4)
                [!provide]                        PROVIDE (__fini_array_start = .)
 *(SORT_BY_NAME(.fini_array.*))
 *(.fini_array*)
 .fini_array    0x0000000008008648        0x4 /Applications/STM32CubeIDE.app/Contents/Eclipse/plugins/com.st.stm32cube.ide.mcu.externaltools.gnu-tools-for-stm32.9-2020-q2-update.macos64_2.0.0.202105311346/tools/bin/../lib/gcc/arm-none-eabi/9.3.1/thumb/v7e-m+fp/hard/crtbegin.o
                [!provide]                        PROVIDE (__fini_array_end = .)
                0x000000000800864c                . = ALIGN (0x4)
                0x000000000800864c                _sidata = LOADADDR (.data)

.data           0x0000000020000000       0xec load address 0x000000000800864c
                0x0000000020000000                . = ALIGN (0x4)
                0x0000000020000000                _sdata = .
 *(.data)
 *(.data*)
 .data.mfxstm32l152_io_drv
                0x0000000020000000       0x2c ./Core/Src/mfxstm32l152.o
                0x0000000020000000                mfxstm32l152_io_drv
 .data.mfxstm32l152_idd_drv
                0x000000002000002c       0x4c ./Core/Src/mfxstm32l152.o
                0x000000002000002c                mfxstm32l152_idd_drv
 .data.I2c2Timeout
                0x0000000020000078        0x4 ./Core/Src/stm32l496g_discovery.o
                0x0000000020000078                I2c2Timeout
 .data.SystemCoreClock
                0x000000002000007c        0x4 ./Core/Src/system_stm32l4xx.o
                0x000000002000007c                SystemCoreClock
 .data.uwTickPrio
                0x0000000020000080        0x4 ./Drivers/STM32L4xx_HAL_Driver/Src/stm32l4xx_hal.o
                0x0000000020000080                uwTickPrio
 .data.uwTickFreq
                0x0000000020000084        0x1 ./Drivers/STM32L4xx_HAL_Driver/Src/stm32l4xx_hal.o
                0x0000000020000084                uwTickFreq
 *fill*         0x0000000020000085        0x3 
 .data._impure_ptr
                0x0000000020000088        0x4 /Applications/STM32CubeIDE.app/Contents/Eclipse/plugins/com.st.stm32cube.ide.mcu.externaltools.gnu-tools-for-stm32.9-2020-q2-update.macos64_2.0.0.202105311346/tools/bin/../lib/gcc/arm-none-eabi/9.3.1/../../../../arm-none-eabi/lib/thumb/v7e-m+fp/hard/libc_nano.a(lib_a-impure.o)
                0x0000000020000088                _impure_ptr
 .data.impure_data
                0x000000002000008c       0x60 /Applications/STM32CubeIDE.app/Contents/Eclipse/plugins/com.st.stm32cube.ide.mcu.externaltools.gnu-tools-for-stm32.9-2020-q2-update.macos64_2.0.0.202105311346/tools/bin/../lib/gcc/arm-none-eabi/9.3.1/../../../../arm-none-eabi/lib/thumb/v7e-m+fp/hard/libc_nano.a(lib_a-impure.o)
 *(.RamFunc)
 *(.RamFunc*)
                0x00000000200000ec                . = ALIGN (0x4)
                0x00000000200000ec                _edata = .

.igot.plt       0x00000000200000ec        0x0 load address 0x0000000008008738
 .igot.plt      0x00000000200000ec        0x0 /Applications/STM32CubeIDE.app/Contents/Eclipse/plugins/com.st.stm32cube.ide.mcu.externaltools.gnu-tools-for-stm32.9-2020-q2-update.macos64_2.0.0.202105311346/tools/bin/../lib/gcc/arm-none-eabi/9.3.1/thumb/v7e-m+fp/hard/crtbegin.o
                0x00000000200000ec                . = ALIGN (0x4)

.bss            0x00000000200000ec      0x260 load address 0x0000000008008738
                0x00000000200000ec                _sbss = .
                0x00000000200000ec                __bss_start__ = _sbss
 *(.bss)
 .bss           0x00000000200000ec       0x1c /Applications/STM32CubeIDE.app/Contents/Eclipse/plugins/com.st.stm32cube.ide.mcu.externaltools.gnu-tools-for-stm32.9-2020-q2-update.macos64_2.0.0.202105311346/tools/bin/../lib/gcc/arm-none-eabi/9.3.1/thumb/v7e-m+fp/hard/crtbegin.o
 *(.bss*)
 .bss.mfxstm32l152
                0x0000000020000108        0x3 ./Core/Src/mfxstm32l152.o
                0x0000000020000108                mfxstm32l152
 *fill*         0x000000002000010b        0x1 
 .bss.I2c2Handle
                0x000000002000010c       0x54 ./Core/Src/stm32l496g_discovery.o
 .bss.io1_driver
                0x0000000020000160        0x4 ./Core/Src/stm32l496g_discovery_io.o
 .bss.__sbrk_heap_end
                0x0000000020000164        0x4 ./Core/Src/sysmem.o
 .bss.__malloc_free_list
                0x0000000020000168        0x4 /Applications/STM32CubeIDE.app/Contents/Eclipse/plugins/com.st.stm32cube.ide.mcu.externaltools.gnu-tools-for-stm32.9-2020-q2-update.macos64_2.0.0.202105311346/tools/bin/../lib/gcc/arm-none-eabi/9.3.1/../../../../arm-none-eabi/lib/thumb/v7e-m+fp/hard/libc_nano.a(lib_a-nano-mallocr.o)
                0x0000000020000168                __malloc_free_list
 .bss.__malloc_sbrk_start
                0x000000002000016c        0x4 /Applications/STM32CubeIDE.app/Contents/Eclipse/plugins/com.st.stm32cube.ide.mcu.externaltools.gnu-tools-for-stm32.9-2020-q2-update.macos64_2.0.0.202105311346/tools/bin/../lib/gcc/arm-none-eabi/9.3.1/../../../../arm-none-eabi/lib/thumb/v7e-m+fp/hard/libc_nano.a(lib_a-nano-mallocr.o)
                0x000000002000016c                __malloc_sbrk_start
 *(COMMON)
 COMMON         0x0000000020000170        0x2 ./Core/Src/ext_fram_dma.o
                0x0000000020000170                completed_rx
                0x0000000020000171                completed_tx
 *fill*         0x0000000020000172        0x2 
 COMMON         0x0000000020000174      0x178 ./Core/Src/main.o
                0x0000000020000174                hspi2
                0x00000000200001d8                hdma_spi2_rx
                0x0000000020000220                huart2
                0x00000000200002a4                hdma_spi2_tx
 COMMON         0x00000000200002ec       0x4c ./Core/Src/stm32l4xx_hal_timebase_tim.o
                0x00000000200002ec                htim1
 COMMON         0x0000000020000338        0x4 ./Drivers/STM32L4xx_HAL_Driver/Src/stm32l4xx_hal.o
                0x0000000020000338                uwTick
 COMMON         0x000000002000033c        0x4 /Applications/STM32CubeIDE.app/Contents/Eclipse/plugins/com.st.stm32cube.ide.mcu.externaltools.gnu-tools-for-stm32.9-2020-q2-update.macos64_2.0.0.202105311346/tools/bin/../lib/gcc/arm-none-eabi/9.3.1/../../../../arm-none-eabi/lib/thumb/v7e-m+fp/hard/libc_nano.a(lib_a-reent.o)
                0x000000002000033c                errno
 COMMON         0x0000000020000340        0x9 /Applications/STM32CubeIDE.app/Contents/Eclipse/plugins/com.st.stm32cube.ide.mcu.externaltools.gnu-tools-for-stm32.9-2020-q2-update.macos64_2.0.0.202105311346/tools/bin/../lib/gcc/arm-none-eabi/9.3.1/../../../../arm-none-eabi/lib/thumb/v7e-m+fp/hard/libc_nano.a(lib_a-lock.o)
                0x0000000020000340                __lock___atexit_recursive_mutex
                0x0000000020000341                __lock___arc4random_mutex
                0x0000000020000342                __lock___env_recursive_mutex
                0x0000000020000343                __lock___sinit_recursive_mutex
                0x0000000020000344                __lock___malloc_recursive_mutex
                0x0000000020000345                __lock___at_quick_exit_mutex
                0x0000000020000346                __lock___dd_hash_mutex
                0x0000000020000347                __lock___tz_mutex
                0x0000000020000348                __lock___sfp_recursive_mutex
                0x000000002000034c                . = ALIGN (0x4)
 *fill*         0x0000000020000349        0x3 
                0x000000002000034c                _ebss = .
                0x000000002000034c                __bss_end__ = _ebss

._user_heap_stack
                0x000000002000034c      0x604 load address 0x0000000008008738
                0x0000000020000350                . = ALIGN (0x8)
 *fill*         0x000000002000034c        0x4 
                [!provide]                        PROVIDE (end = .)
                0x0000000020000350                PROVIDE (_end = .)
                0x0000000020000550                . = (. + _Min_Heap_Size)
 *fill*         0x0000000020000350      0x200 
                0x0000000020000950                . = (. + _Min_Stack_Size)
 *fill*         0x0000000020000550      0x400 
                0x0000000020000950                . = ALIGN (0x8)

/DISCARD/
 libc.a(*)
 libm.a(*)
 libgcc.a(*)

.ARM.attributes
                0x0000000000000000       0x30
 *(.ARM.attributes)
 .ARM.attributes
                0x0000000000000000       0x1e /Applications/STM32CubeIDE.app/Contents/Eclipse/plugins/com.st.stm32cube.ide.mcu.externaltools.gnu-tools-for-stm32.9-2020-q2-update.macos64_2.0.0.202105311346/tools/bin/../lib/gcc/arm-none-eabi/9.3.1/thumb/v7e-m+fp/hard/crti.o
 .ARM.attributes
                0x000000000000001e       0x34 /Applications/STM32CubeIDE.app/Contents/Eclipse/plugins/com.st.stm32cube.ide.mcu.externaltools.gnu-tools-for-stm32.9-2020-q2-update.macos64_2.0.0.202105311346/tools/bin/../lib/gcc/arm-none-eabi/9.3.1/thumb/v7e-m+fp/hard/crtbegin.o
 .ARM.attributes
                0x0000000000000052       0x34 ./Core/Src/ext_fram_dma.o
 .ARM.attributes
                0x0000000000000086       0x34 ./Core/Src/main.o
 .ARM.attributes
                0x00000000000000ba       0x34 ./Core/Src/mfxstm32l152.o
 .ARM.attributes
                0x00000000000000ee       0x34 ./Core/Src/stm32l496g_discovery.o
 .ARM.attributes
                0x0000000000000122       0x34 ./Core/Src/stm32l496g_discovery_io.o
 .ARM.attributes
                0x0000000000000156       0x34 ./Core/Src/stm32l4xx_hal_msp.o
 .ARM.attributes
                0x000000000000018a       0x34 ./Core/Src/stm32l4xx_hal_timebase_tim.o
 .ARM.attributes
                0x00000000000001be       0x34 ./Core/Src/stm32l4xx_it.o
 .ARM.attributes
                0x00000000000001f2       0x34 ./Core/Src/sysmem.o
 .ARM.attributes
                0x0000000000000226       0x34 ./Core/Src/system_stm32l4xx.o
 .ARM.attributes
                0x000000000000025a       0x21 ./Core/Startup/startup_stm32l496agix.o
 .ARM.attributes
                0x000000000000027b       0x34 ./Drivers/STM32L4xx_HAL_Driver/Src/stm32l4xx_hal.o
 .ARM.attributes
                0x00000000000002af       0x34 ./Drivers/STM32L4xx_HAL_Driver/Src/stm32l4xx_hal_cortex.o
 .ARM.attributes
                0x00000000000002e3       0x34 ./Drivers/STM32L4xx_HAL_Driver/Src/stm32l4xx_hal_dma.o
 .ARM.attributes
                0x0000000000000317       0x34 ./Drivers/STM32L4xx_HAL_Driver/Src/stm32l4xx_hal_gpio.o
 .ARM.attributes
                0x000000000000034b       0x34 ./Drivers/STM32L4xx_HAL_Driver/Src/stm32l4xx_hal_i2c.o
 .ARM.attributes
                0x000000000000037f       0x34 ./Drivers/STM32L4xx_HAL_Driver/Src/stm32l4xx_hal_pwr_ex.o
 .ARM.attributes
                0x00000000000003b3       0x34 ./Drivers/STM32L4xx_HAL_Driver/Src/stm32l4xx_hal_rcc.o
 .ARM.attributes
                0x00000000000003e7       0x34 ./Drivers/STM32L4xx_HAL_Driver/Src/stm32l4xx_hal_rcc_ex.o
 .ARM.attributes
                0x000000000000041b       0x34 ./Drivers/STM32L4xx_HAL_Driver/Src/stm32l4xx_hal_spi.o
 .ARM.attributes
                0x000000000000044f       0x34 ./Drivers/STM32L4xx_HAL_Driver/Src/stm32l4xx_hal_tim.o
 .ARM.attributes
                0x0000000000000483       0x34 ./Drivers/STM32L4xx_HAL_Driver/Src/stm32l4xx_hal_tim_ex.o
 .ARM.attributes
                0x00000000000004b7       0x34 ./Drivers/STM32L4xx_HAL_Driver/Src/stm32l4xx_hal_uart.o
 .ARM.attributes
                0x00000000000004eb       0x34 /Applications/STM32CubeIDE.app/Contents/Eclipse/plugins/com.st.stm32cube.ide.mcu.externaltools.gnu-tools-for-stm32.9-2020-q2-update.macos64_2.0.0.202105311346/tools/bin/../lib/gcc/arm-none-eabi/9.3.1/../../../../arm-none-eabi/lib/thumb/v7e-m+fp/hard/libc_nano.a(lib_a-errno.o)
 .ARM.attributes
                0x000000000000051f       0x32 /Applications/STM32CubeIDE.app/Contents/Eclipse/plugins/com.st.stm32cube.ide.mcu.externaltools.gnu-tools-for-stm32.9-2020-q2-update.macos64_2.0.0.202105311346/tools/bin/../lib/gcc/arm-none-eabi/9.3.1/../../../../arm-none-eabi/lib/thumb/v7e-m+fp/hard/libc_nano.a(lib_a-impure.o)
 .ARM.attributes
                0x0000000000000551       0x34 /Applications/STM32CubeIDE.app/Contents/Eclipse/plugins/com.st.stm32cube.ide.mcu.externaltools.gnu-tools-for-stm32.9-2020-q2-update.macos64_2.0.0.202105311346/tools/bin/../lib/gcc/arm-none-eabi/9.3.1/../../../../arm-none-eabi/lib/thumb/v7e-m+fp/hard/libc_nano.a(lib_a-init.o)
 .ARM.attributes
                0x0000000000000585       0x34 /Applications/STM32CubeIDE.app/Contents/Eclipse/plugins/com.st.stm32cube.ide.mcu.externaltools.gnu-tools-for-stm32.9-2020-q2-update.macos64_2.0.0.202105311346/tools/bin/../lib/gcc/arm-none-eabi/9.3.1/../../../../arm-none-eabi/lib/thumb/v7e-m+fp/hard/libc_nano.a(lib_a-memset.o)
 .ARM.attributes
                0x00000000000005b9       0x34 /Applications/STM32CubeIDE.app/Contents/Eclipse/plugins/com.st.stm32cube.ide.mcu.externaltools.gnu-tools-for-stm32.9-2020-q2-update.macos64_2.0.0.202105311346/tools/bin/../lib/gcc/arm-none-eabi/9.3.1/../../../../arm-none-eabi/lib/thumb/v7e-m+fp/hard/libc_nano.a(lib_a-sprintf.o)
 .ARM.attributes
                0x00000000000005ed       0x34 /Applications/STM32CubeIDE.app/Contents/Eclipse/plugins/com.st.stm32cube.ide.mcu.externaltools.gnu-tools-for-stm32.9-2020-q2-update.macos64_2.0.0.202105311346/tools/bin/../lib/gcc/arm-none-eabi/9.3.1/../../../../arm-none-eabi/lib/thumb/v7e-m+fp/hard/libc_nano.a(lib_a-nano-svfprintf.o)
 .ARM.attributes
                0x0000000000000621       0x34 /Applications/STM32CubeIDE.app/Contents/Eclipse/plugins/com.st.stm32cube.ide.mcu.externaltools.gnu-tools-for-stm32.9-2020-q2-update.macos64_2.0.0.202105311346/tools/bin/../lib/gcc/arm-none-eabi/9.3.1/../../../../arm-none-eabi/lib/thumb/v7e-m+fp/hard/libc_nano.a(lib_a-nano-vfprintf_i.o)
 .ARM.attributes
                0x0000000000000655       0x1c /Applications/STM32CubeIDE.app/Contents/Eclipse/plugins/com.st.stm32cube.ide.mcu.externaltools.gnu-tools-for-stm32.9-2020-q2-update.macos64_2.0.0.202105311346/tools/bin/../lib/gcc/arm-none-eabi/9.3.1/../../../../arm-none-eabi/lib/thumb/v7e-m+fp/hard/libc_nano.a(lib_a-memchr.o)
 .ARM.attributes
                0x0000000000000671       0x34 /Applications/STM32CubeIDE.app/Contents/Eclipse/plugins/com.st.stm32cube.ide.mcu.externaltools.gnu-tools-for-stm32.9-2020-q2-update.macos64_2.0.0.202105311346/tools/bin/../lib/gcc/arm-none-eabi/9.3.1/../../../../arm-none-eabi/lib/thumb/v7e-m+fp/hard/libc_nano.a(lib_a-memcpy-stub.o)
 .ARM.attributes
                0x00000000000006a5       0x34 /Applications/STM32CubeIDE.app/Contents/Eclipse/plugins/com.st.stm32cube.ide.mcu.externaltools.gnu-tools-for-stm32.9-2020-q2-update.macos64_2.0.0.202105311346/tools/bin/../lib/gcc/arm-none-eabi/9.3.1/../../../../arm-none-eabi/lib/thumb/v7e-m+fp/hard/libc_nano.a(lib_a-memmove.o)
 .ARM.attributes
                0x00000000000006d9       0x34 /Applications/STM32CubeIDE.app/Contents/Eclipse/plugins/com.st.stm32cube.ide.mcu.externaltools.gnu-tools-for-stm32.9-2020-q2-update.macos64_2.0.0.202105311346/tools/bin/../lib/gcc/arm-none-eabi/9.3.1/../../../../arm-none-eabi/lib/thumb/v7e-m+fp/hard/libc_nano.a(lib_a-nano-freer.o)
 .ARM.attributes
                0x000000000000070d       0x34 /Applications/STM32CubeIDE.app/Contents/Eclipse/plugins/com.st.stm32cube.ide.mcu.externaltools.gnu-tools-for-stm32.9-2020-q2-update.macos64_2.0.0.202105311346/tools/bin/../lib/gcc/arm-none-eabi/9.3.1/../../../../arm-none-eabi/lib/thumb/v7e-m+fp/hard/libc_nano.a(lib_a-nano-mallocr.o)
 .ARM.attributes
                0x0000000000000741       0x34 /Applications/STM32CubeIDE.app/Contents/Eclipse/plugins/com.st.stm32cube.ide.mcu.externaltools.gnu-tools-for-stm32.9-2020-q2-update.macos64_2.0.0.202105311346/tools/bin/../lib/gcc/arm-none-eabi/9.3.1/../../../../arm-none-eabi/lib/thumb/v7e-m+fp/hard/libc_nano.a(lib_a-nano-reallocr.o)
 .ARM.attributes
                0x0000000000000775       0x34 /Applications/STM32CubeIDE.app/Contents/Eclipse/plugins/com.st.stm32cube.ide.mcu.externaltools.gnu-tools-for-stm32.9-2020-q2-update.macos64_2.0.0.202105311346/tools/bin/../lib/gcc/arm-none-eabi/9.3.1/../../../../arm-none-eabi/lib/thumb/v7e-m+fp/hard/libc_nano.a(lib_a-sbrkr.o)
 .ARM.attributes
                0x00000000000007a9       0x34 /Applications/STM32CubeIDE.app/Contents/Eclipse/plugins/com.st.stm32cube.ide.mcu.externaltools.gnu-tools-for-stm32.9-2020-q2-update.macos64_2.0.0.202105311346/tools/bin/../lib/gcc/arm-none-eabi/9.3.1/../../../../arm-none-eabi/lib/thumb/v7e-m+fp/hard/libc_nano.a(lib_a-mlock.o)
 .ARM.attributes
                0x00000000000007dd       0x34 /Applications/STM32CubeIDE.app/Contents/Eclipse/plugins/com.st.stm32cube.ide.mcu.externaltools.gnu-tools-for-stm32.9-2020-q2-update.macos64_2.0.0.202105311346/tools/bin/../lib/gcc/arm-none-eabi/9.3.1/../../../../arm-none-eabi/lib/thumb/v7e-m+fp/hard/libc_nano.a(lib_a-nano-msizer.o)
 .ARM.attributes
                0x0000000000000811       0x34 /Applications/STM32CubeIDE.app/Contents/Eclipse/plugins/com.st.stm32cube.ide.mcu.externaltools.gnu-tools-for-stm32.9-2020-q2-update.macos64_2.0.0.202105311346/tools/bin/../lib/gcc/arm-none-eabi/9.3.1/../../../../arm-none-eabi/lib/thumb/v7e-m+fp/hard/libc_nano.a(lib_a-reent.o)
 .ARM.attributes
                0x0000000000000845       0x34 /Applications/STM32CubeIDE.app/Contents/Eclipse/plugins/com.st.stm32cube.ide.mcu.externaltools.gnu-tools-for-stm32.9-2020-q2-update.macos64_2.0.0.202105311346/tools/bin/../lib/gcc/arm-none-eabi/9.3.1/../../../../arm-none-eabi/lib/thumb/v7e-m+fp/hard/libc_nano.a(lib_a-lock.o)
 .ARM.attributes
                0x0000000000000879       0x1e /Applications/STM32CubeIDE.app/Contents/Eclipse/plugins/com.st.stm32cube.ide.mcu.externaltools.gnu-tools-for-stm32.9-2020-q2-update.macos64_2.0.0.202105311346/tools/bin/../lib/gcc/arm-none-eabi/9.3.1/thumb/v7e-m+fp/hard/libgcc.a(_aeabi_uldivmod.o)
 .ARM.attributes
                0x0000000000000897       0x34 /Applications/STM32CubeIDE.app/Contents/Eclipse/plugins/com.st.stm32cube.ide.mcu.externaltools.gnu-tools-for-stm32.9-2020-q2-update.macos64_2.0.0.202105311346/tools/bin/../lib/gcc/arm-none-eabi/9.3.1/thumb/v7e-m+fp/hard/libgcc.a(_udivmoddi4.o)
 .ARM.attributes
                0x00000000000008cb       0x1e /Applications/STM32CubeIDE.app/Contents/Eclipse/plugins/com.st.stm32cube.ide.mcu.externaltools.gnu-tools-for-stm32.9-2020-q2-update.macos64_2.0.0.202105311346/tools/bin/../lib/gcc/arm-none-eabi/9.3.1/thumb/v7e-m+fp/hard/libgcc.a(_dvmd_tls.o)
 .ARM.attributes
                0x00000000000008e9       0x1e /Applications/STM32CubeIDE.app/Contents/Eclipse/plugins/com.st.stm32cube.ide.mcu.externaltools.gnu-tools-for-stm32.9-2020-q2-update.macos64_2.0.0.202105311346/tools/bin/../lib/gcc/arm-none-eabi/9.3.1/thumb/v7e-m+fp/hard/crtn.o
OUTPUT(F4-RTOS-PORT.elf elf32-littlearm)
LOAD linker stubs
LOAD /Applications/STM32CubeIDE.app/Contents/Eclipse/plugins/com.st.stm32cube.ide.mcu.externaltools.gnu-tools-for-stm32.9-2020-q2-update.macos64_2.0.0.202105311346/tools/bin/../lib/gcc/arm-none-eabi/9.3.1/../../../../arm-none-eabi/lib/thumb/v7e-m+fp/hard/libc.a
LOAD /Applications/STM32CubeIDE.app/Contents/Eclipse/plugins/com.st.stm32cube.ide.mcu.externaltools.gnu-tools-for-stm32.9-2020-q2-update.macos64_2.0.0.202105311346/tools/bin/../lib/gcc/arm-none-eabi/9.3.1/../../../../arm-none-eabi/lib/thumb/v7e-m+fp/hard/libm.a
LOAD /Applications/STM32CubeIDE.app/Contents/Eclipse/plugins/com.st.stm32cube.ide.mcu.externaltools.gnu-tools-for-stm32.9-2020-q2-update.macos64_2.0.0.202105311346/tools/bin/../lib/gcc/arm-none-eabi/9.3.1/thumb/v7e-m+fp/hard/libgcc.a

.debug_info     0x0000000000000000    0x1d475
 .debug_info    0x0000000000000000      0x9db ./Core/Src/ext_fram_dma.o
 .debug_info    0x00000000000009db     0x2694 ./Core/Src/main.o
 .debug_info    0x000000000000306f     0x137e ./Core/Src/mfxstm32l152.o
 .debug_info    0x00000000000043ed     0x284d ./Core/Src/stm32l496g_discovery.o
 .debug_info    0x0000000000006c3a      0xa57 ./Core/Src/stm32l496g_discovery_io.o
 .debug_info    0x0000000000007691     0x1278 ./Core/Src/stm32l4xx_hal_msp.o
 .debug_info    0x0000000000008909      0xe7b ./Core/Src/stm32l4xx_hal_timebase_tim.o
 .debug_info    0x0000000000009784      0x9d1 ./Core/Src/stm32l4xx_it.o
 .debug_info    0x000000000000a155      0xa25 ./Core/Src/sysmem.o
 .debug_info    0x000000000000ab7a      0x78e ./Core/Src/system_stm32l4xx.o
 .debug_info    0x000000000000b308       0x22 ./Core/Startup/startup_stm32l496agix.o
 .debug_info    0x000000000000b32a      0xd19 ./Drivers/STM32L4xx_HAL_Driver/Src/stm32l4xx_hal.o
 .debug_info    0x000000000000c043     0x1064 ./Drivers/STM32L4xx_HAL_Driver/Src/stm32l4xx_hal_cortex.o
 .debug_info    0x000000000000d0a7      0x973 ./Drivers/STM32L4xx_HAL_Driver/Src/stm32l4xx_hal_dma.o
 .debug_info    0x000000000000da1a      0xa7a ./Drivers/STM32L4xx_HAL_Driver/Src/stm32l4xx_hal_gpio.o
 .debug_info    0x000000000000e494     0x23cf ./Drivers/STM32L4xx_HAL_Driver/Src/stm32l4xx_hal_i2c.o
 .debug_info    0x0000000000010863      0xbf6 ./Drivers/STM32L4xx_HAL_Driver/Src/stm32l4xx_hal_pwr_ex.o
 .debug_info    0x0000000000011459      0xe61 ./Drivers/STM32L4xx_HAL_Driver/Src/stm32l4xx_hal_rcc.o
 .debug_info    0x00000000000122ba     0x12f5 ./Drivers/STM32L4xx_HAL_Driver/Src/stm32l4xx_hal_rcc_ex.o
 .debug_info    0x00000000000135af     0x1913 ./Drivers/STM32L4xx_HAL_Driver/Src/stm32l4xx_hal_spi.o
 .debug_info    0x0000000000014ec2     0x2e79 ./Drivers/STM32L4xx_HAL_Driver/Src/stm32l4xx_hal_tim.o
 .debug_info    0x0000000000017d3b     0x18c8 ./Drivers/STM32L4xx_HAL_Driver/Src/stm32l4xx_hal_tim_ex.o
 .debug_info    0x0000000000019603     0x3e72 ./Drivers/STM32L4xx_HAL_Driver/Src/stm32l4xx_hal_uart.o

.debug_abbrev   0x0000000000000000     0x3070
 .debug_abbrev  0x0000000000000000      0x1df ./Core/Src/ext_fram_dma.o
 .debug_abbrev  0x00000000000001df      0x322 ./Core/Src/main.o
 .debug_abbrev  0x0000000000000501      0x20d ./Core/Src/mfxstm32l152.o
 .debug_abbrev  0x000000000000070e      0x315 ./Core/Src/stm32l496g_discovery.o
 .debug_abbrev  0x0000000000000a23      0x1b2 ./Core/Src/stm32l496g_discovery_io.o
 .debug_abbrev  0x0000000000000bd5      0x1d9 ./Core/Src/stm32l4xx_hal_msp.o
 .debug_abbrev  0x0000000000000dae      0x1bf ./Core/Src/stm32l4xx_hal_timebase_tim.o
 .debug_abbrev  0x0000000000000f6d      0x190 ./Core/Src/stm32l4xx_it.o
 .debug_abbrev  0x00000000000010fd      0x1bf ./Core/Src/sysmem.o
 .debug_abbrev  0x00000000000012bc      0x165 ./Core/Src/system_stm32l4xx.o
 .debug_abbrev  0x0000000000001421       0x12 ./Core/Startup/startup_stm32l496agix.o
 .debug_abbrev  0x0000000000001433      0x227 ./Drivers/STM32L4xx_HAL_Driver/Src/stm32l4xx_hal.o
 .debug_abbrev  0x000000000000165a      0x33c ./Drivers/STM32L4xx_HAL_Driver/Src/stm32l4xx_hal_cortex.o
 .debug_abbrev  0x0000000000001996      0x201 ./Drivers/STM32L4xx_HAL_Driver/Src/stm32l4xx_hal_dma.o
 .debug_abbrev  0x0000000000001b97      0x1e8 ./Drivers/STM32L4xx_HAL_Driver/Src/stm32l4xx_hal_gpio.o
 .debug_abbrev  0x0000000000001d7f      0x256 ./Drivers/STM32L4xx_HAL_Driver/Src/stm32l4xx_hal_i2c.o
 .debug_abbrev  0x0000000000001fd5      0x1f3 ./Drivers/STM32L4xx_HAL_Driver/Src/stm32l4xx_hal_pwr_ex.o
 .debug_abbrev  0x00000000000021c8      0x275 ./Drivers/STM32L4xx_HAL_Driver/Src/stm32l4xx_hal_rcc.o
 .debug_abbrev  0x000000000000243d      0x268 ./Drivers/STM32L4xx_HAL_Driver/Src/stm32l4xx_hal_rcc_ex.o
 .debug_abbrev  0x00000000000026a5      0x254 ./Drivers/STM32L4xx_HAL_Driver/Src/stm32l4xx_hal_spi.o
 .debug_abbrev  0x00000000000028f9      0x25e ./Drivers/STM32L4xx_HAL_Driver/Src/stm32l4xx_hal_tim.o
 .debug_abbrev  0x0000000000002b57      0x266 ./Drivers/STM32L4xx_HAL_Driver/Src/stm32l4xx_hal_tim_ex.o
 .debug_abbrev  0x0000000000002dbd      0x2b3 ./Drivers/STM32L4xx_HAL_Driver/Src/stm32l4xx_hal_uart.o

.debug_aranges  0x0000000000000000     0x1788
 .debug_aranges
                0x0000000000000000       0x40 ./Core/Src/ext_fram_dma.o
 .debug_aranges
                0x0000000000000040       0x58 ./Core/Src/main.o
 .debug_aranges
                0x0000000000000098      0x1d0 ./Core/Src/mfxstm32l152.o
 .debug_aranges
                0x0000000000000268      0x160 ./Core/Src/stm32l496g_discovery.o
 .debug_aranges
                0x00000000000003c8       0x50 ./Core/Src/stm32l496g_discovery_io.o
 .debug_aranges
                0x0000000000000418       0x40 ./Core/Src/stm32l4xx_hal_msp.o
 .debug_aranges
                0x0000000000000458       0x30 ./Core/Src/stm32l4xx_hal_timebase_tim.o
 .debug_aranges
                0x0000000000000488       0x88 ./Core/Src/stm32l4xx_it.o
 .debug_aranges
                0x0000000000000510       0x20 ./Core/Src/sysmem.o
 .debug_aranges
                0x0000000000000530       0x28 ./Core/Src/system_stm32l4xx.o
 .debug_aranges
                0x0000000000000558       0x28 ./Core/Startup/startup_stm32l496agix.o
 .debug_aranges
                0x0000000000000580      0x130 ./Drivers/STM32L4xx_HAL_Driver/Src/stm32l4xx_hal.o
 .debug_aranges
                0x00000000000006b0      0x118 ./Drivers/STM32L4xx_HAL_Driver/Src/stm32l4xx_hal_cortex.o
 .debug_aranges
                0x00000000000007c8       0x80 ./Drivers/STM32L4xx_HAL_Driver/Src/stm32l4xx_hal_dma.o
 .debug_aranges
                0x0000000000000848       0x58 ./Drivers/STM32L4xx_HAL_Driver/Src/stm32l4xx_hal_gpio.o
 .debug_aranges
                0x00000000000008a0      0x2a0 ./Drivers/STM32L4xx_HAL_Driver/Src/stm32l4xx_hal_i2c.o
 .debug_aranges
                0x0000000000000b40      0x150 ./Drivers/STM32L4xx_HAL_Driver/Src/stm32l4xx_hal_pwr_ex.o
 .debug_aranges
                0x0000000000000c90       0x90 ./Drivers/STM32L4xx_HAL_Driver/Src/stm32l4xx_hal_rcc.o
 .debug_aranges
                0x0000000000000d20      0x108 ./Drivers/STM32L4xx_HAL_Driver/Src/stm32l4xx_hal_rcc_ex.o
 .debug_aranges
                0x0000000000000e28      0x1d8 ./Drivers/STM32L4xx_HAL_Driver/Src/stm32l4xx_hal_spi.o
 .debug_aranges
                0x0000000000001000      0x3e0 ./Drivers/STM32L4xx_HAL_Driver/Src/stm32l4xx_hal_tim.o
 .debug_aranges
                0x00000000000013e0      0x180 ./Drivers/STM32L4xx_HAL_Driver/Src/stm32l4xx_hal_tim_ex.o
 .debug_aranges
                0x0000000000001560      0x228 ./Drivers/STM32L4xx_HAL_Driver/Src/stm32l4xx_hal_uart.o

.debug_ranges   0x0000000000000000     0x1650
 .debug_ranges  0x0000000000000000       0x30 ./Core/Src/ext_fram_dma.o
 .debug_ranges  0x0000000000000030       0x48 ./Core/Src/main.o
 .debug_ranges  0x0000000000000078      0x1c0 ./Core/Src/mfxstm32l152.o
 .debug_ranges  0x0000000000000238      0x150 ./Core/Src/stm32l496g_discovery.o
 .debug_ranges  0x0000000000000388       0x40 ./Core/Src/stm32l496g_discovery_io.o
 .debug_ranges  0x00000000000003c8       0x30 ./Core/Src/stm32l4xx_hal_msp.o
 .debug_ranges  0x00000000000003f8       0x20 ./Core/Src/stm32l4xx_hal_timebase_tim.o
 .debug_ranges  0x0000000000000418       0x78 ./Core/Src/stm32l4xx_it.o
 .debug_ranges  0x0000000000000490       0x10 ./Core/Src/sysmem.o
 .debug_ranges  0x00000000000004a0       0x18 ./Core/Src/system_stm32l4xx.o
 .debug_ranges  0x00000000000004b8       0x20 ./Core/Startup/startup_stm32l496agix.o
 .debug_ranges  0x00000000000004d8      0x120 ./Drivers/STM32L4xx_HAL_Driver/Src/stm32l4xx_hal.o
 .debug_ranges  0x00000000000005f8      0x108 ./Drivers/STM32L4xx_HAL_Driver/Src/stm32l4xx_hal_cortex.o
 .debug_ranges  0x0000000000000700       0x70 ./Drivers/STM32L4xx_HAL_Driver/Src/stm32l4xx_hal_dma.o
 .debug_ranges  0x0000000000000770       0x48 ./Drivers/STM32L4xx_HAL_Driver/Src/stm32l4xx_hal_gpio.o
 .debug_ranges  0x00000000000007b8      0x290 ./Drivers/STM32L4xx_HAL_Driver/Src/stm32l4xx_hal_i2c.o
 .debug_ranges  0x0000000000000a48      0x140 ./Drivers/STM32L4xx_HAL_Driver/Src/stm32l4xx_hal_pwr_ex.o
 .debug_ranges  0x0000000000000b88       0x80 ./Drivers/STM32L4xx_HAL_Driver/Src/stm32l4xx_hal_rcc.o
 .debug_ranges  0x0000000000000c08       0xf8 ./Drivers/STM32L4xx_HAL_Driver/Src/stm32l4xx_hal_rcc_ex.o
 .debug_ranges  0x0000000000000d00      0x1c8 ./Drivers/STM32L4xx_HAL_Driver/Src/stm32l4xx_hal_spi.o
 .debug_ranges  0x0000000000000ec8      0x3d0 ./Drivers/STM32L4xx_HAL_Driver/Src/stm32l4xx_hal_tim.o
 .debug_ranges  0x0000000000001298      0x170 ./Drivers/STM32L4xx_HAL_Driver/Src/stm32l4xx_hal_tim_ex.o
 .debug_ranges  0x0000000000001408      0x248 ./Drivers/STM32L4xx_HAL_Driver/Src/stm32l4xx_hal_uart.o

.debug_macro    0x0000000000000000    0x2bf9a
 .debug_macro   0x0000000000000000      0x1fc ./Core/Src/ext_fram_dma.o
 .debug_macro   0x00000000000001fc      0xaa8 ./Core/Src/ext_fram_dma.o
 .debug_macro   0x0000000000000ca4       0x22 ./Core/Src/ext_fram_dma.o
 .debug_macro   0x0000000000000cc6       0x8e ./Core/Src/ext_fram_dma.o
 .debug_macro   0x0000000000000d54       0x51 ./Core/Src/ext_fram_dma.o
 .debug_macro   0x0000000000000da5      0x103 ./Core/Src/ext_fram_dma.o
 .debug_macro   0x0000000000000ea8       0x6a ./Core/Src/ext_fram_dma.o
 .debug_macro   0x0000000000000f12      0x1df ./Core/Src/ext_fram_dma.o
 .debug_macro   0x00000000000010f1       0x10 ./Core/Src/ext_fram_dma.o
 .debug_macro   0x0000000000001101      0x1b3 ./Core/Src/ext_fram_dma.o
 .debug_macro   0x00000000000012b4       0x2e ./Core/Src/ext_fram_dma.o
 .debug_macro   0x00000000000012e2       0x28 ./Core/Src/ext_fram_dma.o
 .debug_macro   0x000000000000130a       0x1c ./Core/Src/ext_fram_dma.o
 .debug_macro   0x0000000000001326       0x22 ./Core/Src/ext_fram_dma.o
 .debug_macro   0x0000000000001348      0x101 ./Core/Src/ext_fram_dma.o
 .debug_macro   0x0000000000001449     0x1011 ./Core/Src/ext_fram_dma.o
 .debug_macro   0x000000000000245a      0x11f ./Core/Src/ext_fram_dma.o
 .debug_macro   0x0000000000002579    0x1c1e0 ./Core/Src/ext_fram_dma.o
 .debug_macro   0x000000000001e759       0x6d ./Core/Src/ext_fram_dma.o
 .debug_macro   0x000000000001e7c6     0x38e6 ./Core/Src/ext_fram_dma.o
 .debug_macro   0x00000000000220ac      0x174 ./Core/Src/ext_fram_dma.o
 .debug_macro   0x0000000000022220       0x5c ./Core/Src/ext_fram_dma.o
 .debug_macro   0x000000000002227c     0x187d ./Core/Src/ext_fram_dma.o
 .debug_macro   0x0000000000023af9      0x773 ./Core/Src/ext_fram_dma.o
 .debug_macro   0x000000000002426c      0x1b9 ./Core/Src/ext_fram_dma.o
 .debug_macro   0x0000000000024425      0x202 ./Core/Src/ext_fram_dma.o
 .debug_macro   0x0000000000024627      0x26b ./Core/Src/ext_fram_dma.o
 .debug_macro   0x0000000000024892      0x23d ./Core/Src/ext_fram_dma.o
 .debug_macro   0x0000000000024acf      0x241 ./Core/Src/ext_fram_dma.o
 .debug_macro   0x0000000000024d10      0x3ad ./Core/Src/ext_fram_dma.o
 .debug_macro   0x00000000000250bd       0xe4 ./Core/Src/ext_fram_dma.o
 .debug_macro   0x00000000000251a1      0x22c ./Core/Src/ext_fram_dma.o
 .debug_macro   0x00000000000253cd       0x61 ./Core/Src/ext_fram_dma.o
 .debug_macro   0x000000000002542e       0xa5 ./Core/Src/ext_fram_dma.o
 .debug_macro   0x00000000000254d3      0x122 ./Core/Src/ext_fram_dma.o
 .debug_macro   0x00000000000255f5      0x3ef ./Core/Src/ext_fram_dma.o
 .debug_macro   0x00000000000259e4      0x2fe ./Core/Src/ext_fram_dma.o
 .debug_macro   0x0000000000025ce2      0xa91 ./Core/Src/ext_fram_dma.o
 .debug_macro   0x0000000000026773      0x1fb ./Core/Src/ext_fram_dma.o
 .debug_macro   0x000000000002696e      0x5ba ./Core/Src/ext_fram_dma.o
 .debug_macro   0x0000000000026f28       0x44 ./Core/Src/ext_fram_dma.o
 .debug_macro   0x0000000000026f6c      0x433 ./Core/Src/ext_fram_dma.o
 .debug_macro   0x000000000002739f       0x10 ./Core/Src/ext_fram_dma.o
 .debug_macro   0x00000000000273af      0x3d4 ./Core/Src/main.o
 .debug_macro   0x0000000000027783       0x4c ./Core/Src/main.o
 .debug_macro   0x00000000000277cf       0x18 ./Core/Src/main.o
 .debug_macro   0x00000000000277e7       0x94 ./Core/Src/main.o
 .debug_macro   0x000000000002787b       0x3c ./Core/Src/main.o
 .debug_macro   0x00000000000278b7       0x34 ./Core/Src/main.o
 .debug_macro   0x00000000000278eb       0x16 ./Core/Src/main.o
 .debug_macro   0x0000000000027901       0x57 ./Core/Src/main.o
 .debug_macro   0x0000000000027958       0x97 ./Core/Src/main.o
 .debug_macro   0x00000000000279ef      0x339 ./Core/Src/main.o
 .debug_macro   0x0000000000027d28       0xfd ./Core/Src/main.o
 .debug_macro   0x0000000000027e25       0x10 ./Core/Src/main.o
 .debug_macro   0x0000000000027e35       0x16 ./Core/Src/main.o
 .debug_macro   0x0000000000027e4b       0x43 ./Core/Src/main.o
 .debug_macro   0x0000000000027e8e       0x34 ./Core/Src/main.o
 .debug_macro   0x0000000000027ec2       0x10 ./Core/Src/main.o
 .debug_macro   0x0000000000027ed2       0x58 ./Core/Src/main.o
 .debug_macro   0x0000000000027f2a       0x71 ./Core/Src/main.o
 .debug_macro   0x0000000000027f9b       0x1c ./Core/Src/main.o
 .debug_macro   0x0000000000027fb7      0x12a ./Core/Src/main.o
 .debug_macro   0x00000000000280e1       0x10 ./Core/Src/main.o
 .debug_macro   0x00000000000280f1       0x1c ./Core/Src/main.o
 .debug_macro   0x000000000002810d       0x52 ./Core/Src/main.o
 .debug_macro   0x000000000002815f       0x22 ./Core/Src/main.o
 .debug_macro   0x0000000000028181       0x10 ./Core/Src/main.o
 .debug_macro   0x0000000000028191       0x40 ./Core/Src/main.o
 .debug_macro   0x00000000000281d1       0xd5 ./Core/Src/main.o
 .debug_macro   0x00000000000282a6       0x1c ./Core/Src/main.o
 .debug_macro   0x00000000000282c2       0x3d ./Core/Src/main.o
 .debug_macro   0x00000000000282ff       0x16 ./Core/Src/main.o