stm32l496g_discovery.c:208:13:BSP_ErrorHandler	0	static
stm32l496g_discovery.c:911:13:I2Cx_Error.isra.0.constprop	8	static
stm32l496g_discovery.c:221:10:BSP_GetVersion	0	static
stm32l496g_discovery.c:236:6:BSP_LED_Init	32	static
stm32l496g_discovery.c:280:6:BSP_LED_DeInit	8	static
stm32l496g_discovery.c:300:6:BSP_LED_On	0	static
stm32l496g_discovery.c:321:6:BSP_LED_Off	0	static
stm32l496g_discovery.c:342:6:BSP_LED_Toggle	0	static
stm32l496g_discovery.c:363:9:BSP_JOY_Init	88	static
stm32l496g_discovery.c:402:6:BSP_JOY_DeInit	48	static
stm32l496g_discovery.c:427:18:BSP_JOY_GetState	24	static
stm32l496g_discovery.c:453:6:BSP_COM_Init	48	static
stm32l496g_discovery.c:490:6:BSP_COM_DeInit	8	static
stm32l496g_discovery.c:525:6:I2C2_Init	200	static
stm32l496g_discovery.c:781:13:I2C2_Error	8	static
stm32l496g_discovery.c:598:6:I2C2_DeInit	16	static
stm32l496g_discovery.c:941:6:MFX_IO_Init	8	static,ignoring_inline_asm
stm32l496g_discovery.c:956:6:MFX_IO_DeInit	40	static
stm32l496g_discovery.c:983:6:MFX_IO_ITConfig	32	static
stm32l496g_discovery.c:1006:6:MFX_IO_EnableWakeupPin	32	static
stm32l496g_discovery.c:1025:6:MFX_IO_Wakeup	8	static
stm32l496g_discovery.c:1044:6:MFX_IO_Write	32	static,ignoring_inline_asm
stm32l496g_discovery.c:1055:9:MFX_IO_Read	32	static,ignoring_inline_asm
stm32l496g_discovery.c:1068:10:MFX_IO_ReadMultiple	24	static,ignoring_inline_asm
stm32l496g_discovery.c:1081:6:MFX_IO_WriteMultiple	24	static,ignoring_inline_asm
stm32l496g_discovery.c:1091:6:MFX_IO_Delay	0	static
stm32l496g_discovery.c:1103:6:CAMERA_IO_Init	8	static
stm32l496g_discovery.c:1115:6:CAMERA_IO_Write	32	static
stm32l496g_discovery.c:1126:9:CAMERA_IO_Read	32	static
stm32l496g_discovery.c:1140:6:CAMERA_Delay	0	static
stm32l496g_discovery.c:1148:16:BSP_LCD_Init	0	static
