stm32l4xx_it.c:73:6:NMI_Handler	0	static
stm32l4xx_it.c:88:6:HardFault_Handler	0	static
stm32l4xx_it.c:103:6:MemManage_Handler	0	static
stm32l4xx_it.c:118:6:BusFault_Handler	0	static
stm32l4xx_it.c:133:6:UsageFault_Handler	0	static
stm32l4xx_it.c:148:6:SVC_Handler	0	static
stm32l4xx_it.c:161:6:DebugMon_Handler	0	static
stm32l4xx_it.c:174:6:PendSV_Handler	0	static
stm32l4xx_it.c:187:6:SysTick_Handler	0	static
stm32l4xx_it.c:208:6:DMA1_Channel4_IRQHandler	0	static
stm32l4xx_it.c:222:6:DMA1_Channel5_IRQHandler	0	static
stm32l4xx_it.c:236:6:EXTI9_5_IRQHandler	8	static
stm32l4xx_it.c:251:6:TIM1_UP_TIM16_IRQHandler	0	static
stm32l4xx_it.c:265:6:EXTI15_10_IRQHandler	8	static
